 lua54

 Timestamp is 62eec809 (Sat Aug  6 15:59:05 2022)

 Preferred load address is 0000000180000000

 Start         Length     Name                   Class
 0001:00000000 0003175eH .textbss                DATA
 0002:00000000 00066610H .text$mn                CODE
 0002:00066610 00001040H .text$mn$00             CODE
 0002:00067650 00001141H .text$x                 CODE
 0003:00000000 00000110H .CRT$XCA                DATA
 0003:00000110 00000110H .CRT$XCZ                DATA
 0003:00000220 00000110H .CRT$XIA                DATA
 0003:00000330 00000110H .CRT$XIZ                DATA
 0003:00000440 00000110H .CRT$XPA                DATA
 0003:00000550 00000110H .CRT$XPZ                DATA
 0003:00000660 00000110H .CRT$XTA                DATA
 0003:00000770 00000110H .CRT$XTZ                DATA
 0003:00000880 0000d500H .rdata                  DATA
 0003:0000dd80 00000200H .rdata$CastGuardVftablesA DATA
 0003:0000df80 0000019cH .rdata$CastGuardVftablesC DATA
 0003:0000e11c 0000018cH .rdata$zzzdbg           DATA
 0003:0000e2a8 00000110H .rtc$IAA                DATA
 0003:0000e3b8 00000318H .rtc$IMZ                DATA
 0003:0000e6d0 00000110H .rtc$IZZ                DATA
 0003:0000e7e0 00000110H .rtc$TAA                DATA
 0003:0000e8f0 00000318H .rtc$TMZ                DATA
 0003:0000ec08 00000110H .rtc$TZZ                DATA
 0003:0000ed18 00006468H .xdata                  DATA
 0003:00015180 00001260H .edata                  DATA
 0004:00000000 00000170H .data                   DATA
 0004:00000170 00000790H .bss                    DATA
 0005:00000000 000057d8H .pdata                  DATA
 0006:00000000 00000670H .idata$5                DATA
 0006:00000670 0000003cH .idata$2                DATA
 0006:000006ac 00000014H .idata$3                DATA
 0006:000006c0 00000670H .idata$4                DATA
 0006:00000d30 00000a36H .idata$6                DATA
 0007:00000000 000005ffH .msvcjmc                DATA
 0008:00000000 00000175H .00cfg                  DATA
 0009:00000000 00000170H .rsrc$01                DATA
 0009:00000170 000002ccH .rsrc$02                DATA

  Address         Publics by Value              Rva+Base               Lib:Object

 0000:00000000       __AbsoluteZero             0000000000000000     <absolute>
 0000:00000000       ___safe_se_handler_count   0000000000000000     <absolute>
 0000:00000000       ___safe_se_handler_table   0000000000000000     <absolute>
 0000:00000000       __arm64x_extra_rfe_table   0000000000000000     <absolute>
 0000:00000000       __arm64x_extra_rfe_table_size 0000000000000000     <absolute>
 0000:00000000       __arm64x_native_entrypoint 0000000000000000     <absolute>
 0000:00000000       __arm64x_redirection_metadata 0000000000000000     <absolute>
 0000:00000000       __arm64x_redirection_metadata_count 0000000000000000     <absolute>
 0000:00000000       __dynamic_value_reloc_table 0000000000000000     <absolute>
 0000:00000000       __enclave_config           0000000000000000     <absolute>
 0000:00000000       __guard_check_icall_a64n_fptr 0000000000000000     <absolute>
 0000:00000000       __guard_eh_cont_count      0000000000000000     <absolute>
 0000:00000000       __guard_eh_cont_table      0000000000000000     <absolute>
 0000:00000000       __guard_fids_count         0000000000000000     <absolute>
 0000:00000000       __guard_fids_table         0000000000000000     <absolute>
 0000:00000000       __guard_iat_count          0000000000000000     <absolute>
 0000:00000000       __guard_iat_table          0000000000000000     <absolute>
 0000:00000000       __guard_longjmp_count      0000000000000000     <absolute>
 0000:00000000       __guard_longjmp_table      0000000000000000     <absolute>
 0000:00000000       __hybrid_auxiliary_iat     0000000000000000     <absolute>
 0000:00000000       __hybrid_auxiliary_iat_copy 0000000000000000     <absolute>
 0000:00000000       __hybrid_code_map          0000000000000000     <absolute>
 0000:00000000       __hybrid_code_map_count    0000000000000000     <absolute>
 0000:00000000       __volatile_metadata        0000000000000000     <absolute>
 0000:00000000       __x64_code_ranges_to_entry_points 0000000000000000     <absolute>
 0000:00000000       __x64_code_ranges_to_entry_points_count 0000000000000000     <absolute>
 0000:00000100       __guard_flags              0000000000000100     <absolute>
 0000:00000000       __ImageBase                0000000180000000     <linker-defined>
 0001:00000000       __enc$textbss$begin        0000000180001000     <linker-defined>
 0001:0003175e       __enc$textbss$end          000000018003275e     <linker-defined>
 0002:00001780       __JustMyCode_Default       0000000180034780 f i lapi.obj
 0002:00002550       lua_absindex               0000000180035550 f   lapi.obj
 0002:00002600       lua_arith                  0000000180035600 f   lapi.obj
 0002:00002740       lua_atpanic                0000000180035740 f   lapi.obj
 0002:000027c0       lua_callk                  00000001800357c0 f   lapi.obj
 0002:00002920       lua_checkstack             0000000180035920 f   lapi.obj
 0002:00002a70       lua_closeslot              0000000180035a70 f   lapi.obj
 0002:00002b10       lua_compare                0000000180035b10 f   lapi.obj
 0002:00002c90       lua_concat                 0000000180035c90 f   lapi.obj
 0002:00002d90       lua_copy                   0000000180035d90 f   lapi.obj
 0002:00002ed0       lua_createtable            0000000180035ed0 f   lapi.obj
 0002:00002fe0       lua_dump                   0000000180035fe0 f   lapi.obj
 0002:000030a0       lua_error                  00000001800360a0 f   lapi.obj
 0002:00003150       lua_gc                     0000000180036150 f   lapi.obj
 0002:00003750       lua_getallocf              0000000180036750 f   lapi.obj
 0002:000037d0       lua_getfield               00000001800367d0 f   lapi.obj
 0002:00003840       lua_getglobal              0000000180036840 f   lapi.obj
 0002:000038d0       lua_geti                   00000001800368d0 f   lapi.obj
 0002:00003b90       lua_getiuservalue          0000000180036b90 f   lapi.obj
 0002:00003cd0       lua_getmetatable           0000000180036cd0 f   lapi.obj
 0002:00003e30       lua_gettable               0000000180036e30 f   lapi.obj
 0002:00004000       lua_gettop                 0000000180037000 f   lapi.obj
 0002:00004070       lua_getupvalue             0000000180037070 f   lapi.obj
 0002:000041c0       lua_iscfunction            00000001800371c0 f   lapi.obj
 0002:00004260       lua_isinteger              0000000180037260 f   lapi.obj
 0002:000042f0       lua_isnumber               00000001800372f0 f   lapi.obj
 0002:00004400       lua_isstring               0000000180037400 f   lapi.obj
 0002:000044a0       lua_isuserdata             00000001800374a0 f   lapi.obj
 0002:00004540       lua_len                    0000000180037540 f   lapi.obj
 0002:000045e0       lua_load                   00000001800375e0 f   lapi.obj
 0002:00004860       lua_newuserdatauv          0000000180037860 f   lapi.obj
 0002:000049a0       lua_next                   00000001800379a0 f   lapi.obj
 0002:00004a70       lua_pcallk                 0000000180037a70 f   lapi.obj
 0002:00004dc0       lua_pushboolean            0000000180037dc0 f   lapi.obj
 0002:00004e50       lua_pushcclosure           0000000180037e50 f   lapi.obj
 0002:00005080       lua_pushfstring            0000000180038080 f   lapi.obj
 0002:00005190       lua_pushinteger            0000000180038190 f   lapi.obj
 0002:00005220       lua_pushlightuserdata      0000000180038220 f   lapi.obj
 0002:000052b0       lua_pushlstring            00000001800382b0 f   lapi.obj
 0002:000053f0       lua_pushnil                00000001800383f0 f   lapi.obj
 0002:00005460       lua_pushnumber             0000000180038460 f   lapi.obj
 0002:000054f0       lua_pushstring             00000001800384f0 f   lapi.obj
 0002:00005610       lua_pushthread             0000000180038610 f   lapi.obj
 0002:000056e0       lua_pushvalue              00000001800386e0 f   lapi.obj
 0002:00005790       lua_pushvfstring           0000000180038790 f   lapi.obj
 0002:00005820       lua_rawequal               0000000180038820 f   lapi.obj
 0002:00005920       lua_rawget                 0000000180038920 f   lapi.obj
 0002:000059d0       lua_rawgeti                00000001800389d0 f   lapi.obj
 0002:00005a50       lua_rawgetp                0000000180038a50 f   lapi.obj
 0002:00005b60       lua_rawlen                 0000000180038b60 f   lapi.obj
 0002:00005c50       lua_rawset                 0000000180038c50 f   lapi.obj
 0002:00005cc0       lua_rawseti                0000000180038cc0 f   lapi.obj
 0002:00005de0       lua_rawsetp                0000000180038de0 f   lapi.obj
 0002:00005ed0       lua_rotate                 0000000180038ed0 f   lapi.obj
 0002:00006000       lua_setallocf              0000000180039000 f   lapi.obj
 0002:00006080       lua_setfield               0000000180039080 f   lapi.obj
 0002:000060f0       lua_setglobal              00000001800390f0 f   lapi.obj
 0002:00006180       lua_seti                   0000000180039180 f   lapi.obj
 0002:000064a0       lua_setiuservalue          00000001800394a0 f   lapi.obj
 0002:00006620       lua_setmetatable           0000000180039620 f   lapi.obj
 0002:00006850       lua_settable               0000000180039850 f   lapi.obj
 0002:00006a90       lua_settop                 0000000180039a90 f   lapi.obj
 0002:00006bf0       lua_setupvalue             0000000180039bf0 f   lapi.obj
 0002:00006dd0       lua_setwarnf               0000000180039dd0 f   lapi.obj
 0002:00006e50       lua_status                 0000000180039e50 f   lapi.obj
 0002:00006ea0       lua_stringtonumber         0000000180039ea0 f   lapi.obj
 0002:00006f30       lua_toboolean              0000000180039f30 f   lapi.obj
 0002:00006fd0       lua_tocfunction            0000000180039fd0 f   lapi.obj
 0002:00007070       lua_toclose                000000018003a070 f   lapi.obj
 0002:00007120       lua_tointegerx             000000018003a120 f   lapi.obj
 0002:00007260       lua_tolstring              000000018003a260 f   lapi.obj
 0002:000073d0       lua_tonumberx              000000018003a3d0 f   lapi.obj
 0002:00007520       lua_topointer              000000018003a520 f   lapi.obj
 0002:000075f0       lua_tothread               000000018003a5f0 f   lapi.obj
 0002:000076b0       lua_touserdata             000000018003a6b0 f   lapi.obj
 0002:00007710       lua_type                   000000018003a710 f   lapi.obj
 0002:000077c0       lua_typename               000000018003a7c0 f   lapi.obj
 0002:00007820       lua_upvalueid              000000018003a820 f   lapi.obj
 0002:00007930       lua_upvaluejoin            000000018003a930 f   lapi.obj
 0002:00007a80       lua_version                000000018003aa80 f   lapi.obj
 0002:00007ac0       lua_warning                000000018003aac0 f   lapi.obj
 0002:00007b20       lua_xmove                  000000018003ab20 f   lapi.obj
 0002:00007f50       __local_stdio_printf_options 000000018003af50 f i lauxlib.obj
 0002:00007f90       _vfprintf_l                000000018003af90 f i lauxlib.obj
 0002:00008400       fprintf                    000000018003b400 f i lauxlib.obj
 0002:00008910       luaL_addgsub               000000018003b910 f   lauxlib.obj
 0002:00008a10       luaL_addlstring            000000018003ba10 f   lauxlib.obj
 0002:00008ad0       luaL_addstring             000000018003bad0 f   lauxlib.obj
 0002:00008b40       luaL_addvalue              000000018003bb40 f   lauxlib.obj
 0002:00008c70       luaL_argerror              000000018003bc70 f   lauxlib.obj
 0002:00008e70       luaL_buffinit              000000018003be70 f   lauxlib.obj
 0002:00008f20       luaL_buffinitsize          000000018003bf20 f   lauxlib.obj
 0002:00008fa0       luaL_callmeta              000000018003bfa0 f   lauxlib.obj
 0002:00009070       luaL_checkany              000000018003c070 f   lauxlib.obj
 0002:000090f0       luaL_checkinteger          000000018003c0f0 f   lauxlib.obj
 0002:000091d0       luaL_checklstring          000000018003c1d0 f   lauxlib.obj
 0002:00009260       luaL_checknumber           000000018003c260 f   lauxlib.obj
 0002:00009350       luaL_checkoption           000000018003c350 f   lauxlib.obj
 0002:00009490       luaL_checkstack            000000018003c490 f   lauxlib.obj
 0002:00009540       luaL_checktype             000000018003c540 f   lauxlib.obj
 0002:000095c0       luaL_checkudata            000000018003c5c0 f   lauxlib.obj
 0002:00009650       luaL_checkversion_         000000018003c650 f   lauxlib.obj
 0002:00009720       luaL_error                 000000018003c720 f   lauxlib.obj
 0002:00009840       luaL_execresult            000000018003c840 f   lauxlib.obj
 0002:00009930       luaL_fileresult            000000018003c930 f   lauxlib.obj
 0002:00009a40       luaL_getmetafield          000000018003ca40 f   lauxlib.obj
 0002:00009b30       luaL_getsubtable           000000018003cb30 f   lauxlib.obj
 0002:00009c20       luaL_gsub                  000000018003cc20 f   lauxlib.obj
 0002:00009d30       luaL_len                   000000018003cd30 f   lauxlib.obj
 0002:00009e40       luaL_loadbufferx           000000018003ce40 f   lauxlib.obj
 0002:00009f40       luaL_loadfilex             000000018003cf40 f   lauxlib.obj
 0002:0000a290       luaL_loadstring            000000018003d290 f   lauxlib.obj
 0002:0000a310       luaL_newmetatable          000000018003d310 f   lauxlib.obj
 0002:0000a410       luaL_newstate              000000018003d410 f   lauxlib.obj
 0002:0000a490       luaL_optinteger            000000018003d490 f   lauxlib.obj
 0002:0000a530       luaL_optlstring            000000018003d530 f   lauxlib.obj
 0002:0000a620       luaL_optnumber             000000018003d620 f   lauxlib.obj
 0002:0000a6c0       luaL_prepbuffsize          000000018003d6c0 f   lauxlib.obj
 0002:0000a720       luaL_pushresult            000000018003d720 f   lauxlib.obj
 0002:0000a7f0       luaL_pushresultsize        000000018003d7f0 f   lauxlib.obj
 0002:0000a860       luaL_ref                   000000018003d860 f   lauxlib.obj
 0002:0000aa10       luaL_requiref              000000018003da10 f   lauxlib.obj
 0002:0000abd0       luaL_setfuncs              000000018003dbd0 f   lauxlib.obj
 0002:0000ad40       luaL_setmetatable          000000018003dd40 f   lauxlib.obj
 0002:0000adb0       luaL_testudata             000000018003ddb0 f   lauxlib.obj
 0002:0000aea0       luaL_tolstring             000000018003dea0 f   lauxlib.obj
 0002:0000b200       luaL_traceback             000000018003e200 f   lauxlib.obj
 0002:0000b570       luaL_typeerror             000000018003e570 f   lauxlib.obj
 0002:0000b6a0       luaL_unref                 000000018003e6a0 f   lauxlib.obj
 0002:0000b790       luaL_where                 000000018003e790 f   lauxlib.obj
 0002:0000e730       luaopen_base               0000000180041730 f   lbaselib.obj
 0002:00011790       luaK_checkstack            0000000180044790 f   lcode.obj
 0002:00011840       luaK_code                  0000000180044840 f   lcode.obj
 0002:00011970       luaK_codeABCk              0000000180044970 f   lcode.obj
 0002:00011a10       luaK_codeABx               0000000180044a10 f   lcode.obj
 0002:00011a90       luaK_codeAsBx              0000000180044a90 f   lcode.obj
 0002:00011be0       luaK_concat                0000000180044be0 f   lcode.obj
 0002:00011cb0       luaK_dischargevars         0000000180044cb0 f   lcode.obj
 0002:00012250       luaK_exp2RK                0000000180045250 f   lcode.obj
 0002:000122d0       luaK_exp2anyreg            00000001800452d0 f   lcode.obj
 0002:000123e0       luaK_exp2anyregup          00000001800453e0 f   lcode.obj
 0002:00012460       luaK_exp2const             0000000180045460 f   lcode.obj
 0002:00012630       luaK_exp2nextreg           0000000180045630 f   lcode.obj
 0002:000126e0       luaK_exp2val               00000001800456e0 f   lcode.obj
 0002:00012770       luaK_finish                0000000180045770 f   lcode.obj
 0002:00012940       luaK_fixline               0000000180045940 f   lcode.obj
 0002:00012ae0       luaK_getlabel              0000000180045ae0 f   lcode.obj
 0002:00012b40       luaK_goiffalse             0000000180045b40 f   lcode.obj
 0002:00012c60       luaK_goiftrue              0000000180045c60 f   lcode.obj
 0002:00012e00       luaK_indexed               0000000180045e00 f   lcode.obj
 0002:00013020       luaK_infix                 0000000180046020 f   lcode.obj
 0002:00013270       luaK_int                   0000000180046270 f   lcode.obj
 0002:00013400       luaK_isKint                0000000180046400 f   lcode.obj
 0002:00013480       luaK_jump                  0000000180046480 f   lcode.obj
 0002:000134e0       luaK_nil                   00000001800464e0 f   lcode.obj
 0002:00013890       luaK_patchlist             0000000180046890 f   lcode.obj
 0002:00013910       luaK_patchtohere           0000000180046910 f   lcode.obj
 0002:00013980       luaK_posfix                0000000180046980 f   lcode.obj
 0002:00013ef0       luaK_prefix                0000000180046ef0 f   lcode.obj
 0002:00014010       luaK_reserveregs           0000000180047010 f   lcode.obj
 0002:00014080       luaK_ret                   0000000180047080 f   lcode.obj
 0002:00014150       luaK_self                  0000000180047150 f   lcode.obj
 0002:00014260       luaK_semerror              0000000180047260 f   lcode.obj
 0002:000142d0       luaK_setlist               00000001800472d0 f   lcode.obj
 0002:00014420       luaK_setoneret             0000000180047420 f   lcode.obj
 0002:00014530       luaK_setreturns            0000000180047530 f   lcode.obj
 0002:00014650       luaK_settablesize          0000000180047650 f   lcode.obj
 0002:000147b0       luaK_storevar              00000001800477b0 f   lcode.obj
 0002:00016300       luaopen_coroutine          0000000180049300 f   lcorolib.obj
 0002:000180a0       luaopen_debug              000000018004b0a0 f   ldblib.obj
 0002:0001a260       luaG_addinfo               000000018004d260 f   ldebug.obj
 0002:0001a400       luaG_callerror             000000018004d400 f   ldebug.obj
 0002:0001a530       luaG_concaterror           000000018004d530 f   ldebug.obj
 0002:0001a5e0       luaG_errormsg              000000018004d5e0 f   ldebug.obj
 0002:0001a760       luaG_findlocal             000000018004d760 f   ldebug.obj
 0002:0001a9a0       luaG_forerror              000000018004d9a0 f   ldebug.obj
 0002:0001aa20       luaG_getfuncline           000000018004da20 f   ldebug.obj
 0002:0001ab90       luaG_opinterror            000000018004db90 f   ldebug.obj
 0002:0001ac20       luaG_ordererror            000000018004dc20 f   ldebug.obj
 0002:0001acf0       luaG_runerror              000000018004dcf0 f   ldebug.obj
 0002:0001ae40       luaG_tointerror            000000018004de40 f   ldebug.obj
 0002:0001af20       luaG_traceexec             000000018004df20 f   ldebug.obj
 0002:0001b300       luaG_typeerror             000000018004e300 f   ldebug.obj
 0002:0001b380       lua_gethook                000000018004e380 f   ldebug.obj
 0002:0001b3d0       lua_gethookcount           000000018004e3d0 f   ldebug.obj
 0002:0001b420       lua_gethookmask            000000018004e420 f   ldebug.obj
 0002:0001b470       lua_getinfo                000000018004e470 f   ldebug.obj
 0002:0001b690       lua_getlocal               000000018004e690 f   ldebug.obj
 0002:0001b850       lua_getstack               000000018004e850 f   ldebug.obj
 0002:0001b950       lua_sethook                000000018004e950 f   ldebug.obj
 0002:0001ba60       lua_setlocal               000000018004ea60 f   ldebug.obj
 0002:0001ca80       luaD_call                  000000018004fa80 f   ldo.obj
 0002:0001caf0       luaD_callnoyield           000000018004faf0 f   ldo.obj
 0002:0001cb60       luaD_closeprotected        000000018004fb60 f   ldo.obj
 0002:0001ccb0       luaD_growstack             000000018004fcb0 f   ldo.obj
 0002:0001ce20       luaD_hook                  000000018004fe20 f   ldo.obj
 0002:0001d140       luaD_hookcall              0000000180050140 f   ldo.obj
 0002:0001d280       luaD_inctop                0000000180050280 f   ldo.obj
 0002:0001d320       luaD_pcall                 0000000180050320 f   ldo.obj
 0002:0001d490       luaD_poscall               0000000180050490 f   ldo.obj
 0002:0001d570       luaD_precall               0000000180050570 f   ldo.obj
 0002:0001d870       luaD_pretailcall           0000000180050870 f   ldo.obj
 0002:0001dc60       luaD_protectedparser       0000000180050c60 f   ldo.obj
 0002:0001dec0       luaD_rawrunprotected       0000000180050ec0 f   ldo.obj
 0002:0001e010       luaD_reallocstack          0000000180051010 f   ldo.obj
 0002:0001e210       luaD_seterrorobj           0000000180051210 f   ldo.obj
 0002:0001e3d0       luaD_shrinkstack           00000001800513d0 f   ldo.obj
 0002:0001e4b0       luaD_throw                 00000001800514b0 f   ldo.obj
 0002:0001e660       luaD_tryfuncTM             0000000180051660 f   ldo.obj
 0002:0001e8a0       lua_isyieldable            00000001800518a0 f   ldo.obj
 0002:0001e920       lua_resume                 0000000180051920 f   ldo.obj
 0002:0001ec30       lua_yieldk                 0000000180051c30 f   ldo.obj
 0002:000209d0       luaU_dump                  00000001800539d0 f   ldump.obj
 0002:00020dc0       luaF_close                 0000000180053dc0 f   lfunc.obj
 0002:00020ec0       luaF_closeupval            0000000180053ec0 f   lfunc.obj
 0002:00021040       luaF_findupval             0000000180054040 f   lfunc.obj
 0002:00021110       luaF_freeproto             0000000180054110 f   lfunc.obj
 0002:000212d0       luaF_getlocalname          00000001800542d0 f   lfunc.obj
 0002:000213d0       luaF_initupvals            00000001800543d0 f   lfunc.obj
 0002:00021500       luaF_newCclosure           0000000180054500 f   lfunc.obj
 0002:00021590       luaF_newLclosure           0000000180054590 f   lfunc.obj
 0002:00021670       luaF_newproto              0000000180054670 f   lfunc.obj
 0002:000217f0       luaF_newtbcupval           00000001800547f0 f   lfunc.obj
 0002:00021920       luaF_unlinkupval           0000000180054920 f   lfunc.obj
 0002:00024030       luaC_barrier_              0000000180057030 f   lgc.obj
 0002:00024130       luaC_barrierback_          0000000180057130 f   lgc.obj
 0002:00024240       luaC_changemode            0000000180057240 f   lgc.obj
 0002:000242e0       luaC_checkfinalizer        00000001800572e0 f   lgc.obj
 0002:00024550       luaC_fix                   0000000180057550 f   lgc.obj
 0002:00024630       luaC_freeallobjects        0000000180057630 f   lgc.obj
 0002:00024700       luaC_fullgc                0000000180057700 f   lgc.obj
 0002:000247a0       luaC_newobj                00000001800577a0 f   lgc.obj
 0002:00024870       luaC_runtilstate           0000000180057870 f   lgc.obj
 0002:00024910       luaC_step                  0000000180057910 f   lgc.obj
 0002:00027c80       luaL_openlibs              000000018005ac80 f   linit.obj
 0002:00029bc0       luaopen_io                 000000018005cbc0 f   liolib.obj
 0002:0002c3a0       luaX_init                  000000018005f3a0 f   llex.obj
 0002:0002c480       luaX_lookahead             000000018005f480 f   llex.obj
 0002:0002c4f0       luaX_newstring             000000018005f4f0 f   llex.obj
 0002:0002c690       luaX_next                  000000018005f690 f   llex.obj
 0002:0002c760       luaX_setinput              000000018005f760 f   llex.obj
 0002:0002c8f0       luaX_syntaxerror           000000018005f8f0 f   llex.obj
 0002:0002c950       luaX_token2str             000000018005f950 f   llex.obj
 0002:0002fe80       luaopen_math               0000000180062e80 f   lmathlib.obj
 0002:00030710       luaM_free_                 0000000180063710 f   lmem.obj
 0002:000307b0       luaM_growaux_              00000001800637b0 f   lmem.obj
 0002:00030900       luaM_malloc_               0000000180063900 f   lmem.obj
 0002:00030a10       luaM_realloc_              0000000180063a10 f   lmem.obj
 0002:00030b20       luaM_saferealloc_          0000000180063b20 f   lmem.obj
 0002:00030bd0       luaM_shrinkvector_         0000000180063bd0 f   lmem.obj
 0002:00030c90       luaM_toobig                0000000180063c90 f   lmem.obj
 0002:00032460       luaopen_package            0000000180065460 f   loadlib.obj
 0002:00033110       _vsnprintf_l               0000000180066110 f i lobject.obj
 0002:000331e0       _vsprintf_l                00000001800661e0 f i lobject.obj
 0002:00033e80       luaO_arith                 0000000180066e80 f   lobject.obj
 0002:00033f40       luaO_ceillog2              0000000180066f40 f   lobject.obj
 0002:00033fe0       luaO_chunkid               0000000180066fe0 f   lobject.obj
 0002:00034350       luaO_hexavalue             0000000180067350 f   lobject.obj
 0002:000343d0       luaO_pushfstring           00000001800673d0 f   lobject.obj
 0002:000344c0       luaO_pushvfstring          00000001800674c0 f   lobject.obj
 0002:00034a90       luaO_rawarith              0000000180067a90 f   lobject.obj
 0002:00035190       luaO_str2num               0000000180068190 f   lobject.obj
 0002:000352f0       luaO_tostring              00000001800682f0 f   lobject.obj
 0002:00035400       luaO_utf8esc               0000000180068400 f   lobject.obj
 0002:00035c80       sprintf                    0000000180068c80 f i lobject.obj
 0002:00037130       luaopen_os                 000000018006a130 f   loslib.obj
 0002:0003bad0       luaY_nvarstack             000000018006ead0 f   lparser.obj
 0002:0003bb30       luaY_parser                000000018006eb30 f   lparser.obj
 0002:0003f9b0       luaE_checkcstack           00000001800729b0 f   lstate.obj
 0002:0003fa60       luaE_extendCI              0000000180072a60 f   lstate.obj
 0002:0003fb30       luaE_freeCI                0000000180072b30 f   lstate.obj
 0002:0003fc00       luaE_freethread            0000000180072c00 f   lstate.obj
 0002:0003fca0       luaE_incCstack             0000000180072ca0 f   lstate.obj
 0002:0003fd30       luaE_resetthread           0000000180072d30 f   lstate.obj
 0002:0003fee0       luaE_setdebt               0000000180072ee0 f   lstate.obj
 0002:0003ffc0       luaE_shrinkCI              0000000180072fc0 f   lstate.obj
 0002:000400b0       luaE_warnerror             00000001800730b0 f   lstate.obj
 0002:000401f0       luaE_warning               00000001800731f0 f   lstate.obj
 0002:00040280       lua_close                  0000000180073280 f   lstate.obj
 0002:000402f0       lua_newstate               00000001800732f0 f   lstate.obj
 0002:00040720       lua_newthread              0000000180073720 f   lstate.obj
 0002:00040920       lua_resetthread            0000000180073920 f   lstate.obj
 0002:00040980       lua_setcstacklimit         0000000180073980 f   lstate.obj
 0002:000412d0       luaS_clearcache            00000001800742d0 f   lstring.obj
 0002:000413b0       luaS_createlngstrobj       00000001800743b0 f   lstring.obj
 0002:00041440       luaS_eqlngstr              0000000180074440 f   lstring.obj
 0002:00041510       luaS_hash                  0000000180074510 f   lstring.obj
 0002:000415d0       luaS_hashlongstr           00000001800745d0 f   lstring.obj
 0002:00041680       luaS_init                  0000000180074680 f   lstring.obj
 0002:000417f0       luaS_new                   00000001800747f0 f   lstring.obj
 0002:00041970       luaS_newlstr               0000000180074970 f   lstring.obj
 0002:00041a50       luaS_newudata              0000000180074a50 f   lstring.obj
 0002:00041bf0       luaS_remove                0000000180074bf0 f   lstring.obj
 0002:00041cd0       luaS_resize                0000000180074cd0 f   lstring.obj
 0002:000479c0       luaopen_string             000000018007a9c0 f   lstrlib.obj
 0002:0004b210       luaH_finishset             000000018007e210 f   ltable.obj
 0002:0004b2e0       luaH_free                  000000018007e2e0 f   ltable.obj
 0002:0004b390       luaH_get                   000000018007e390 f   ltable.obj
 0002:0004b520       luaH_getint                000000018007e520 f   ltable.obj
 0002:0004b700       luaH_getn                  000000018007e700 f   ltable.obj
 0002:0004ba00       luaH_getshortstr           000000018007ea00 f   ltable.obj
 0002:0004bb00       luaH_getstr                000000018007eb00 f   ltable.obj
 0002:0004bc20       luaH_new                   000000018007ec20 f   ltable.obj
 0002:0004bce0       luaH_newkey                000000018007ece0 f   ltable.obj
 0002:0004c200       luaH_next                  000000018007f200 f   ltable.obj
 0002:0004c4c0       luaH_realasize             000000018007f4c0 f   ltable.obj
 0002:0004c5d0       luaH_resize                000000018007f5d0 f   ltable.obj
 0002:0004c8c0       luaH_resizearray           000000018007f8c0 f   ltable.obj
 0002:0004c990       luaH_set                   000000018007f990 f   ltable.obj
 0002:0004ca30       luaH_setint                000000018007fa30 f   ltable.obj
 0002:0004ee90       luaopen_table              0000000180081e90 f   ltablib.obj
 0002:0004f400       luaT_adjustvarargs         0000000180082400 f   ltm.obj
 0002:0004f6a0       luaT_callTM                00000001800826a0 f   ltm.obj
 0002:0004f8a0       luaT_callTMres             00000001800828a0 f   ltm.obj
 0002:0004fb20       luaT_callorderTM           0000000180082b20 f   ltm.obj
 0002:0004fc30       luaT_callorderiTM          0000000180082c30 f   ltm.obj
 0002:0004fd90       luaT_gettm                 0000000180082d90 f   ltm.obj
 0002:0004fe50       luaT_gettmbyobj            0000000180082e50 f   ltm.obj
 0002:0004ff90       luaT_getvarargs            0000000180082f90 f   ltm.obj
 0002:000501c0       luaT_init                  00000001800831c0 f   ltm.obj
 0002:00050280       luaT_objtypename           0000000180083280 f   ltm.obj
 0002:000503a0       luaT_trybinTM              00000001800833a0 f   ltm.obj
 0002:00050540       luaT_trybinassocTM         0000000180083540 f   ltm.obj
 0002:00050600       luaT_trybiniTM             0000000180083600 f   ltm.obj
 0002:00050710       luaT_tryconcatTM           0000000180083710 f   ltm.obj
 0002:00051ef0       luaU_undump                0000000180084ef0 f   lundump.obj
 0002:00052e70       luaopen_utf8               0000000180085e70 f   lutf8lib.obj
 0002:00054bf0       luaV_concat                0000000180087bf0 f   lvm.obj
 0002:00055170       luaV_equalobj              0000000180088170 f   lvm.obj
 0002:00055a30       luaV_execute               0000000180088a30 f   lvm.obj
 0002:0005e390       luaV_finishOp              0000000180091390 f   lvm.obj
 0002:0005e8b0       luaV_finishget             00000001800918b0 f   lvm.obj
 0002:0005ec00       luaV_finishset             0000000180091c00 f   lvm.obj
 0002:0005f050       luaV_flttointeger          0000000180092050 f   lvm.obj
 0002:0005f160       luaV_idiv                  0000000180092160 f   lvm.obj
 0002:0005f260       luaV_lessequal             0000000180092260 f   lvm.obj
 0002:0005f310       luaV_lessthan              0000000180092310 f   lvm.obj
 0002:0005f3c0       luaV_mod                   00000001800923c0 f   lvm.obj
 0002:0005f4a0       luaV_modf                  00000001800924a0 f   lvm.obj
 0002:0005f5d0       luaV_objlen                00000001800925d0 f   lvm.obj
 0002:0005f860       luaV_shiftl                0000000180092860 f   lvm.obj
 0002:0005f910       luaV_tointeger             0000000180092910 f   lvm.obj
 0002:0005fa00       luaV_tointegerns           0000000180092a00 f   lvm.obj
 0002:0005fac0       luaV_tonumber_             0000000180092ac0 f   lvm.obj
 0002:0005fe10       luaZ_fill                  0000000180092e10 f   lzio.obj
 0002:0005ff70       luaZ_init                  0000000180092f70 f   lzio.obj
 0002:00060020       luaZ_read                  0000000180093020 f   lzio.obj
 0002:000601db       GetLastError               00000001800931db f   kernel32:KERNEL32.dll
 0002:000601e1       FreeLibrary                00000001800931e1 f   kernel32:KERNEL32.dll
 0002:000601e7       GetModuleFileNameA         00000001800931e7 f   kernel32:KERNEL32.dll
 0002:000601ed       GetProcAddress             00000001800931ed f   kernel32:KERNEL32.dll
 0002:000601f3       LoadLibraryExA             00000001800931f3 f   kernel32:KERNEL32.dll
 0002:000601f9       FormatMessageA             00000001800931f9 f   kernel32:KERNEL32.dll
 0002:00060200       _RTC_AllocaHelper          0000000180093200 f   MSVCRTD:stack.obj
 0002:00060250       _RTC_CheckStackVars        0000000180093250 f   MSVCRTD:stack.obj
 0002:00060300       _RTC_CheckStackVars2       0000000180093300 f   MSVCRTD:stack.obj
 0002:00060450       _CRT_RTC_INIT              0000000180093450 f   MSVCRTD:init.obj
 0002:00060460       _CRT_RTC_INITW             0000000180093460 f   MSVCRTD:init.obj
 0002:00060470       _RTC_InitBase              0000000180093470 f   MSVCRTD:init.obj
 0002:000604c0       _RTC_Shutdown              00000001800934c0 f   MSVCRTD:init.obj
 0002:000604f0       __CheckForDebuggerJustMyCode 00000001800934f0 f   MSVCRTD:debugger_jmc.obj
 0002:00060540       __GSHandlerCheck           0000000180093540 f   MSVCRTD:gshandler.obj
 0002:00060590       __GSHandlerCheckCommon     0000000180093590 f   MSVCRTD:gshandler.obj
 0002:000606e0       __security_check_cookie    00000001800936e0 f   MSVCRTD:amdsecgs.obj
 0002:00060710       __raise_securityfailure    0000000180093710 f   MSVCRTD:gs_report.obj
 0002:00060760       __report_gsfailure         0000000180093760 f   MSVCRTD:gs_report.obj
 0002:00060870       __report_rangecheckfailure 0000000180093870 f   MSVCRTD:gs_report.obj
 0002:00060890       __report_securityfailure   0000000180093890 f   MSVCRTD:gs_report.obj
 0002:00060960       __report_securityfailureEx 0000000180093960 f   MSVCRTD:gs_report.obj
 0002:00060d10       ?_RTC_AllocaFailure@@YAXPEAXPEAU_RTC_ALLOCA_NODE@@H@Z 0000000180093d10 f   MSVCRTD:error.obj
 0002:00060ec0       ?_RTC_Failure@@YAXPEAXH@Z  0000000180093ec0 f   MSVCRTD:error.obj
 0002:00060f30       ?_RTC_StackFailure@@YAXPEAXPEBD@Z 0000000180093f30 f   MSVCRTD:error.obj
 0002:00061470       _RTC_UninitUse             0000000180094470 f   MSVCRTD:error.obj
 0002:00061570       _vsprintf_s_l              0000000180094570 f i MSVCRTD:error.obj
 0002:000615f0       sprintf_s                  00000001800945f0 f i MSVCRTD:error.obj
 0002:00061630       __chkstk                   0000000180094630 f   MSVCRTD:chkstk.obj
 0002:00061630       _alloca_probe              0000000180094630 f   MSVCRTD:chkstk.obj
 0002:00061ba0       _CRT_INIT                  0000000180094ba0 f   MSVCRTD:dll_dllmain.obj
 0002:00061be0       _DllMainCRTStartup         0000000180094be0 f   MSVCRTD:dll_dllmain.obj
 0002:00061c30       ?_RTC_GetErrorFunc@@YAP6AHHPEBDH00ZZPEBX@Z 0000000180094c30 f   MSVCRTD:userapi.obj
 0002:00061c40       ?_RTC_GetErrorFuncW@@YAP6AHHPEB_WH00ZZPEBX@Z 0000000180094c40 f   MSVCRTD:userapi.obj
 0002:00061c50       _RTC_GetErrDesc            0000000180094c50 f   MSVCRTD:userapi.obj
 0002:00061c70       _RTC_NumErrors             0000000180094c70 f   MSVCRTD:userapi.obj
 0002:00061c80       _RTC_SetErrorFunc          0000000180094c80 f   MSVCRTD:userapi.obj
 0002:00061ca0       _RTC_SetErrorFuncW         0000000180094ca0 f   MSVCRTD:userapi.obj
 0002:00061cc0       _RTC_SetErrorType          0000000180094cc0 f   MSVCRTD:userapi.obj
 0002:00062360       ?_RTC_GetSrcLine@@YAHPEAEPEA_WKPEAH1K@Z 0000000180095360 f   MSVCRTD:pdblkup.obj
 0002:00062820       _guard_check_icall_nop     0000000180095820 f i MSVCRTD:guard_support.obj
 0002:00062830       ReadNoFence64              0000000180095830 f i MSVCRTD:guard_support.obj
 0002:00062860       ReadPointerNoFence         0000000180095860 f i MSVCRTD:guard_support.obj
 0002:00062880       __castguard_check_failure_debugbreak 0000000180095880 f i MSVCRTD:guard_support.obj
 0002:000628b0       __castguard_check_failure_fastfail 00000001800958b0 f i MSVCRTD:guard_support.obj
 0002:000628e0       __castguard_check_failure_nop 00000001800958e0 f i MSVCRTD:guard_support.obj
 0002:000628f0       __castguard_check_failure_os_handled 00000001800958f0 f i MSVCRTD:guard_support.obj
 0002:000629f0       __castguard_slow_path_check_debugbreak 00000001800959f0 f i MSVCRTD:guard_support.obj
 0002:00062a40       __castguard_slow_path_check_fastfail 0000000180095a40 f i MSVCRTD:guard_support.obj
 0002:00062aa0       __castguard_slow_path_check_nop 0000000180095aa0 f i MSVCRTD:guard_support.obj
 0002:00062ac0       __castguard_slow_path_check_os_handled 0000000180095ac0 f i MSVCRTD:guard_support.obj
 0002:00062bb0       _guard_icall_checks_enforced 0000000180095bb0 f i MSVCRTD:guard_support.obj
 0002:00062c00       _guard_rf_checks_enforced  0000000180095c00 f i MSVCRTD:guard_support.obj
 0002:00062d00       __security_init_cookie     0000000180095d00 f   MSVCRTD:gs_support.obj
 0002:00062da0       DllMain                    0000000180095da0 f   MSVCRTD:dll_dllmain_stub.obj
 0002:00062df0       ?__scrt_initialize_type_info@@YAXXZ 0000000180095df0 f   MSVCRTD:tncleanup.obj
 0002:00062e10       ?__scrt_uninitialize_type_info@@YAXXZ 0000000180095e10 f   MSVCRTD:tncleanup.obj
 0002:00062e30       __local_stdio_scanf_options 0000000180095e30 f i MSVCRTD:default_local_stdio_options.obj
 0002:00062e40       __scrt_initialize_default_local_stdio_options 0000000180095e40 f   MSVCRTD:default_local_stdio_options.obj
 0002:00062ea0       ?configure_argv@__scrt_narrow_argv_policy@@SAHXZ 0000000180095ea0 f i MSVCRTD:utility.obj
 0002:00062fc0       ?initialize_environment@__scrt_narrow_environment_policy@@SAHXZ 0000000180095fc0 f i MSVCRTD:utility.obj
 0002:00063090       NtCurrentTeb               0000000180096090 f i MSVCRTD:utility.obj
 0002:000630a0       __scrt_acquire_startup_lock 00000001800960a0 f   MSVCRTD:utility.obj
 0002:00063120       __scrt_dllmain_after_initialize_c 0000000180096120 f   MSVCRTD:utility.obj
 0002:00063160       __scrt_dllmain_before_initialize_c 0000000180096160 f   MSVCRTD:utility.obj
 0002:00063190       __scrt_dllmain_crt_thread_attach 0000000180096190 f   MSVCRTD:utility.obj
 0002:000631d0       __scrt_dllmain_crt_thread_detach 00000001800961d0 f   MSVCRTD:utility.obj
 0002:000631f0       __scrt_dllmain_exception_filter 00000001800961f0 f   MSVCRTD:utility.obj
 0002:00063270       __scrt_dllmain_uninitialize_c 0000000180096270 f   MSVCRTD:utility.obj
 0002:000632b0       __scrt_dllmain_uninitialize_critical 00000001800962b0 f   MSVCRTD:utility.obj
 0002:000632d0       __scrt_initialize_crt      00000001800962d0 f   MSVCRTD:utility.obj
 0002:00063330       __scrt_initialize_onexit_tables 0000000180096330 f   MSVCRTD:utility.obj
 0002:00063480       __scrt_is_nonwritable_in_current_image 0000000180096480 f   MSVCRTD:utility.obj
 0002:00063530       __scrt_release_startup_lock 0000000180096530 f   MSVCRTD:utility.obj
 0002:00063570       __scrt_uninitialize_crt    0000000180096570 f   MSVCRTD:utility.obj
 0002:000635c0       _onexit                    00000001800965c0 f   MSVCRTD:utility.obj
 0002:00063660       at_quick_exit              0000000180096660 f   MSVCRTD:utility.obj
 0002:000636c0       atexit                     00000001800966c0 f   MSVCRTD:utility.obj
 0002:00063700       __scrt_get_dyn_tls_init_callback 0000000180096700 f   MSVCRTD:dyn_tls_init.obj
 0002:00063710       __crt_debugger_hook        0000000180096710 f   MSVCRTD:utility_desktop.obj
 0002:00063730       __scrt_fastfail            0000000180096730 f   MSVCRTD:utility_desktop.obj
 0002:00063930       __scrt_get_show_window_mode 0000000180096930 f   MSVCRTD:utility_desktop.obj
 0002:000639a0       __scrt_initialize_mta      00000001800969a0 f   MSVCRTD:utility_desktop.obj
 0002:000639c0       __scrt_initialize_winrt    00000001800969c0 f   MSVCRTD:utility_desktop.obj
 0002:000639d0       __scrt_is_managed_app      00000001800969d0 f   MSVCRTD:utility_desktop.obj
 0002:00063aa0       __scrt_set_unhandled_exception_filter 0000000180096aa0 f   MSVCRTD:utility_desktop.obj
 0002:00063ac0       __scrt_exe_initialize_mta  0000000180096ac0 f   MSVCRTD:utility_desktop.obj
 0002:00063ac0       __scrt_stub_for_initialize_mta 0000000180096ac0 f   MSVCRTD:utility_desktop.obj
 0002:00063ad0       __scrt_unhandled_exception_filter 0000000180096ad0 f   MSVCRTD:utility_desktop.obj
 0002:00063b90       _RTC_Initialize            0000000180096b90 f   MSVCRTD:initsect.obj
 0002:00063bf0       _RTC_Terminate             0000000180096bf0 f   MSVCRTD:initsect.obj
 0002:00063c50       __isa_available_init       0000000180096c50 f   MSVCRTD:cpu_disp.obj
 0002:000640e0       _get_startup_argv_mode     00000001800970e0 f   MSVCRTD:argv_mode.obj
 0002:000640f0       __scrt_is_ucrt_dll_in_use  00000001800970f0 f   MSVCRTD:ucrt_detection.obj
 0002:0006411e       memcpy                     000000018009711e f   vcruntimed:VCRUNTIME140D.dll
 0002:00064124       strstr                     0000000180097124 f   vcruntimed:VCRUNTIME140D.dll
 0002:0006412a       strchr                     000000018009712a f   vcruntimed:VCRUNTIME140D.dll
 0002:00064130       longjmp                    0000000180097130 f   vcruntimed:VCRUNTIME140D.dll
 0002:00064136       strrchr                    0000000180097136 f   vcruntimed:VCRUNTIME140D.dll
 0002:0006413c       memcmp                     000000018009713c f   vcruntimed:VCRUNTIME140D.dll
 0002:00064142       memchr                     0000000180097142 f   vcruntimed:VCRUNTIME140D.dll
 0002:00064148       __intrinsic_setjmp         0000000180097148 f   vcruntimed:VCRUNTIME140D.dll
 0002:00064148       _setjmp                    0000000180097148 f   vcruntimed:VCRUNTIME140D.dll
 0002:0006414e       __C_specific_handler_noexcept 000000018009714e f   vcruntimed:VCRUNTIME140D.dll
 0002:00064154       __C_specific_handler       0000000180097154 f   vcruntimed:VCRUNTIME140D.dll
 0002:0006415a       __vcrt_GetModuleFileNameW  000000018009715a f   vcruntimed:VCRUNTIME140D.dll
 0002:00064160       __vcrt_GetModuleHandleW    0000000180097160 f   vcruntimed:VCRUNTIME140D.dll
 0002:00064166       __vcrt_LoadLibraryExW      0000000180097166 f   vcruntimed:VCRUNTIME140D.dll
 0002:0006416c       __std_type_info_destroy_list 000000018009716c f   vcruntimed:VCRUNTIME140D.dll
 0002:00064172       __current_exception        0000000180097172 f   vcruntimed:VCRUNTIME140D.dll
 0002:00064178       __current_exception_context 0000000180097178 f   vcruntimed:VCRUNTIME140D.dll
 0002:0006417e       _errno                     000000018009717e f   ucrtd:ucrtbased.dll
 0002:00064184       __acrt_iob_func            0000000180097184 f   ucrtd:ucrtbased.dll
 0002:0006418a       fclose                     000000018009718a f   ucrtd:ucrtbased.dll
 0002:00064190       feof                       0000000180097190 f   ucrtd:ucrtbased.dll
 0002:00064196       ferror                     0000000180097196 f   ucrtd:ucrtbased.dll
 0002:0006419c       fflush                     000000018009719c f   ucrtd:ucrtbased.dll
 0002:000641a2       fopen                      00000001800971a2 f   ucrtd:ucrtbased.dll
 0002:000641a8       fread                      00000001800971a8 f   ucrtd:ucrtbased.dll
 0002:000641ae       freopen                    00000001800971ae f   ucrtd:ucrtbased.dll
 0002:000641b4       getc                       00000001800971b4 f   ucrtd:ucrtbased.dll
 0002:000641ba       __stdio_common_vfprintf    00000001800971ba f   ucrtd:ucrtbased.dll
 0002:000641c0       free                       00000001800971c0 f   ucrtd:ucrtbased.dll
 0002:000641c6       realloc                    00000001800971c6 f   ucrtd:ucrtbased.dll
 0002:000641cc       strcmp                     00000001800971cc f   ucrtd:ucrtbased.dll
 0002:000641d2       strerror                   00000001800971d2 f   ucrtd:ucrtbased.dll
 0002:000641d8       strlen                     00000001800971d8 f   ucrtd:ucrtbased.dll
 0002:000641de       strncmp                    00000001800971de f   ucrtd:ucrtbased.dll
 0002:000641e4       isdigit                    00000001800971e4 f   ucrtd:ucrtbased.dll
 0002:000641ea       isalnum                    00000001800971ea f   ucrtd:ucrtbased.dll
 0002:000641f0       toupper                    00000001800971f0 f   ucrtd:ucrtbased.dll
 0002:000641f6       fwrite                     00000001800971f6 f   ucrtd:ucrtbased.dll
 0002:000641fc       strspn                     00000001800971fc f   ucrtd:ucrtbased.dll
 0002:00064202       abs                        0000000180097202 f   ucrtd:ucrtbased.dll
 0002:00064208       ldexp                      0000000180097208 f   ucrtd:ucrtbased.dll
 0002:0006420e       fgets                      000000018009720e f   ucrtd:ucrtbased.dll
 0002:00064214       abort                      0000000180097214 f   ucrtd:ucrtbased.dll
 0002:0006421a       isxdigit                   000000018009721a f   ucrtd:ucrtbased.dll
 0002:00064220       isspace                    0000000180097220 f   ucrtd:ucrtbased.dll
 0002:00064226       localeconv                 0000000180097226 f   ucrtd:ucrtbased.dll
 0002:0006422c       clearerr                   000000018009722c f   ucrtd:ucrtbased.dll
 0002:00064232       _fseeki64                  0000000180097232 f   ucrtd:ucrtbased.dll
 0002:00064238       _ftelli64                  0000000180097238 f   ucrtd:ucrtbased.dll
 0002:0006423e       _pclose                    000000018009723e f   ucrtd:ucrtbased.dll
 0002:00064244       _popen                     0000000180097244 f   ucrtd:ucrtbased.dll
 0002:0006424a       setvbuf                    000000018009724a f   ucrtd:ucrtbased.dll
 0002:00064250       tmpfile                    0000000180097250 f   ucrtd:ucrtbased.dll
 0002:00064256       ungetc                     0000000180097256 f   ucrtd:ucrtbased.dll
 0002:0006425c       acos                       000000018009725c f   ucrtd:ucrtbased.dll
 0002:00064262       asin                       0000000180097262 f   ucrtd:ucrtbased.dll
 0002:00064268       atan2                      0000000180097268 f   ucrtd:ucrtbased.dll
 0002:0006426e       cos                        000000018009726e f   ucrtd:ucrtbased.dll
 0002:00064274       exp                        0000000180097274 f   ucrtd:ucrtbased.dll
 0002:0006427a       fabs                       000000018009727a f   ucrtd:ucrtbased.dll
 0002:00064280       fmod                       0000000180097280 f   ucrtd:ucrtbased.dll
 0002:00064286       log                        0000000180097286 f   ucrtd:ucrtbased.dll
 0002:0006428c       log10                      000000018009728c f   ucrtd:ucrtbased.dll
 0002:00064292       sin                        0000000180097292 f   ucrtd:ucrtbased.dll
 0002:00064298       sqrt                       0000000180097298 f   ucrtd:ucrtbased.dll
 0002:0006429e       tan                        000000018009729e f   ucrtd:ucrtbased.dll
 0002:000642a4       ceil                       00000001800972a4 f   ucrtd:ucrtbased.dll
 0002:000642aa       floor                      00000001800972aa f   ucrtd:ucrtbased.dll
 0002:000642b0       _time64                    00000001800972b0 f   ucrtd:ucrtbased.dll
 0002:000642b6       getenv                     00000001800972b6 f   ucrtd:ucrtbased.dll
 0002:000642bc       pow                        00000001800972bc f   ucrtd:ucrtbased.dll
 0002:000642c2       __stdio_common_vsprintf    00000001800972c2 f   ucrtd:ucrtbased.dll
 0002:000642c8       strtod                     00000001800972c8 f   ucrtd:ucrtbased.dll
 0002:000642ce       strcpy                     00000001800972ce f   ucrtd:ucrtbased.dll
 0002:000642d4       strpbrk                    00000001800972d4 f   ucrtd:ucrtbased.dll
 0002:000642da       setlocale                  00000001800972da f   ucrtd:ucrtbased.dll
 0002:000642e0       exit                       00000001800972e0 f   ucrtd:ucrtbased.dll
 0002:000642e6       system                     00000001800972e6 f   ucrtd:ucrtbased.dll
 0002:000642ec       clock                      00000001800972ec f   ucrtd:ucrtbased.dll
 0002:000642f2       _difftime64                00000001800972f2 f   ucrtd:ucrtbased.dll
 0002:000642f8       _gmtime64                  00000001800972f8 f   ucrtd:ucrtbased.dll
 0002:000642fe       _localtime64               00000001800972fe f   ucrtd:ucrtbased.dll
 0002:00064304       _mktime64                  0000000180097304 f   ucrtd:ucrtbased.dll
 0002:0006430a       strftime                   000000018009730a f   ucrtd:ucrtbased.dll
 0002:00064310       remove                     0000000180097310 f   ucrtd:ucrtbased.dll
 0002:00064316       rename                     0000000180097316 f   ucrtd:ucrtbased.dll
 0002:0006431c       tmpnam                     000000018009731c f   ucrtd:ucrtbased.dll
 0002:00064322       isalpha                    0000000180097322 f   ucrtd:ucrtbased.dll
 0002:00064328       isupper                    0000000180097328 f   ucrtd:ucrtbased.dll
 0002:0006432e       islower                    000000018009732e f   ucrtd:ucrtbased.dll
 0002:00064334       ispunct                    0000000180097334 f   ucrtd:ucrtbased.dll
 0002:0006433a       isgraph                    000000018009733a f   ucrtd:ucrtbased.dll
 0002:00064340       iscntrl                    0000000180097340 f   ucrtd:ucrtbased.dll
 0002:00064346       tolower                    0000000180097346 f   ucrtd:ucrtbased.dll
 0002:0006434c       frexp                      000000018009734c f   ucrtd:ucrtbased.dll
 0002:00064352       strcoll                    0000000180097352 f   ucrtd:ucrtbased.dll
 0002:00064358       _CrtDbgReport              0000000180097358 f   ucrtd:ucrtbased.dll
 0002:0006435e       _CrtDbgReportW             000000018009735e f   ucrtd:ucrtbased.dll
 0002:00064364       strcpy_s                   0000000180097364 f   ucrtd:ucrtbased.dll
 0002:0006436a       strcat_s                   000000018009736a f   ucrtd:ucrtbased.dll
 0002:00064370       __stdio_common_vsprintf_s  0000000180097370 f   ucrtd:ucrtbased.dll
 0002:00064376       _initterm                  0000000180097376 f   ucrtd:ucrtbased.dll
 0002:0006437c       _initterm_e                000000018009737c f   ucrtd:ucrtbased.dll
 0002:00064382       _wmakepath_s               0000000180097382 f   ucrtd:ucrtbased.dll
 0002:00064388       _wsplitpath_s              0000000180097388 f   ucrtd:ucrtbased.dll
 0002:0006438e       wcscpy_s                   000000018009738e f   ucrtd:ucrtbased.dll
 0002:00064394       _seh_filter_dll            0000000180097394 f   ucrtd:ucrtbased.dll
 0002:0006439a       _configure_narrow_argv     000000018009739a f   ucrtd:ucrtbased.dll
 0002:000643a0       _initialize_narrow_environment 00000001800973a0 f   ucrtd:ucrtbased.dll
 0002:000643a6       _initialize_onexit_table   00000001800973a6 f   ucrtd:ucrtbased.dll
 0002:000643ac       _register_onexit_function  00000001800973ac f   ucrtd:ucrtbased.dll
 0002:000643b2       _execute_onexit_table      00000001800973b2 f   ucrtd:ucrtbased.dll
 0002:000643b8       _crt_atexit                00000001800973b8 f   ucrtd:ucrtbased.dll
 0002:000643be       _crt_at_quick_exit         00000001800973be f   ucrtd:ucrtbased.dll
 0002:000643c4       _cexit                     00000001800973c4 f   ucrtd:ucrtbased.dll
 0002:000643ca       terminate                  00000001800973ca f   ucrtd:ucrtbased.dll
 0002:000643d0       GetCurrentThreadId         00000001800973d0 f   kernel32:KERNEL32.dll
 0002:000643d6       RtlCaptureContext          00000001800973d6 f   kernel32:KERNEL32.dll
 0002:000643dc       RtlLookupFunctionEntry     00000001800973dc f   kernel32:KERNEL32.dll
 0002:000643e2       RtlVirtualUnwind           00000001800973e2 f   kernel32:KERNEL32.dll
 0002:000643e8       UnhandledExceptionFilter   00000001800973e8 f   kernel32:KERNEL32.dll
 0002:000643ee       SetUnhandledExceptionFilter 00000001800973ee f   kernel32:KERNEL32.dll
 0002:000643f4       GetCurrentProcess          00000001800973f4 f   kernel32:KERNEL32.dll
 0002:000643fa       TerminateProcess           00000001800973fa f   kernel32:KERNEL32.dll
 0002:00064400       IsProcessorFeaturePresent  0000000180097400 f   kernel32:KERNEL32.dll
 0002:00064406       IsDebuggerPresent          0000000180097406 f   kernel32:KERNEL32.dll
 0002:0006440c       RaiseException             000000018009740c f   kernel32:KERNEL32.dll
 0002:00064412       MultiByteToWideChar        0000000180097412 f   kernel32:KERNEL32.dll
 0002:00064418       WideCharToMultiByte        0000000180097418 f   kernel32:KERNEL32.dll
 0002:0006441e       HeapAlloc                  000000018009741e f   kernel32:KERNEL32.dll
 0002:00064424       HeapFree                   0000000180097424 f   kernel32:KERNEL32.dll
 0002:0006442a       GetProcessHeap             000000018009742a f   kernel32:KERNEL32.dll
 0002:00064430       VirtualQuery               0000000180097430 f   kernel32:KERNEL32.dll
 0002:00064436       QueryPerformanceCounter    0000000180097436 f   kernel32:KERNEL32.dll
 0002:0006443c       GetCurrentProcessId        000000018009743c f   kernel32:KERNEL32.dll
 0002:00064442       GetSystemTimeAsFileTime    0000000180097442 f   kernel32:KERNEL32.dll
 0002:00064448       DisableThreadLibraryCalls  0000000180097448 f   kernel32:KERNEL32.dll
 0002:0006444e       InitializeSListHead        000000018009744e f   kernel32:KERNEL32.dll
 0002:00064454       GetStartupInfoW            0000000180097454 f   kernel32:KERNEL32.dll
 0002:0006445a       GetModuleHandleW           000000018009745a f   kernel32:KERNEL32.dll
 0002:00064460       __acrt_initialize          0000000180097460 f   MSVCRTD:ucrt_stubs.obj
 0002:00064460       __scrt_stub_for_acrt_initialize 0000000180097460 f   MSVCRTD:ucrt_stubs.obj
 0002:00064460       __vcrt_initialize          0000000180097460 f   MSVCRTD:ucrt_stubs.obj
 0002:00064470       __acrt_thread_attach       0000000180097470 f   MSVCRTD:ucrt_stubs.obj
 0002:00064470       __scrt_stub_for_acrt_thread_attach 0000000180097470 f   MSVCRTD:ucrt_stubs.obj
 0002:00064470       __vcrt_thread_attach       0000000180097470 f   MSVCRTD:ucrt_stubs.obj
 0002:00064480       __acrt_thread_detach       0000000180097480 f   MSVCRTD:ucrt_stubs.obj
 0002:00064480       __scrt_stub_for_acrt_thread_detach 0000000180097480 f   MSVCRTD:ucrt_stubs.obj
 0002:00064480       __vcrt_thread_detach       0000000180097480 f   MSVCRTD:ucrt_stubs.obj
 0002:00064490       __acrt_uninitialize        0000000180097490 f   MSVCRTD:ucrt_stubs.obj
 0002:00064490       __scrt_stub_for_acrt_uninitialize 0000000180097490 f   MSVCRTD:ucrt_stubs.obj
 0002:00064490       __vcrt_uninitialize        0000000180097490 f   MSVCRTD:ucrt_stubs.obj
 0002:000644a0       __acrt_uninitialize_critical 00000001800974a0 f   MSVCRTD:ucrt_stubs.obj
 0002:000644a0       __scrt_stub_for_acrt_uninitialize_critical 00000001800974a0 f   MSVCRTD:ucrt_stubs.obj
 0002:000644a0       __vcrt_uninitialize_critical 00000001800974a0 f   MSVCRTD:ucrt_stubs.obj
 0002:000644b0       __scrt_stub_for_is_c_termination_complete 00000001800974b0 f   MSVCRTD:ucrt_stubs.obj
 0002:000644b0       _is_c_termination_complete 00000001800974b0 f   MSVCRTD:ucrt_stubs.obj
 0002:00066620       _guard_dispatch_icall_nop  0000000180099620 f   MSVCRTD:guard_dispatch.obj
 0002:00066640       _guard_xfg_dispatch_icall_nop 0000000180099640 f   MSVCRTD:guard_xfg_dispatch.obj
 0003:00000000       __xc_a                     000000018009c000     MSVCRTD:initializers.obj
 0003:00000110       __xc_z                     000000018009c110     MSVCRTD:initializers.obj
 0003:00000220       __xi_a                     000000018009c220     MSVCRTD:initializers.obj
 0003:00000330       __xi_z                     000000018009c330     MSVCRTD:initializers.obj
 0003:00000440       __xp_a                     000000018009c440     MSVCRTD:initializers.obj
 0003:00000550       __xp_z                     000000018009c550     MSVCRTD:initializers.obj
 0003:00000660       __xt_a                     000000018009c660     MSVCRTD:initializers.obj
 0003:00000770       __xt_z                     000000018009c770     MSVCRTD:initializers.obj
 0003:00000880       lua_ident                  000000018009c880     lapi.obj
 0003:000010e3       ??_C@_00CNPNBAHC@@         000000018009d0e3     lapi.obj
 0003:000010e4       ??_C@_01OGPIMHDM@?$DP@     000000018009d0e4     lapi.obj
 0003:000010e8       ??_C@_09EHJCIMDJ@?$CIno?5name?$CJ@ 000000018009d0e8     lapi.obj
 0003:000010f8       __real@407f800000000000    000000018009d0f8     lapi.obj
 0003:00001144       ??_C@_04BDLIKKMN@__gc@     000000018009d144     lauxlib.obj
 0003:00001150       ??_C@_07DMJMBBKE@__close@  000000018009d150     lauxlib.obj
 0003:000018d4       ??_C@_01LFCBOECM@?4@       000000018009d8d4     lauxlib.obj
 0003:000018d8       ??_C@_01INIBCBCB@f@        000000018009d8d8     lauxlib.obj
 0003:000018e0       ??_C@_07PINPBNPB@_LOADED@  000000018009d8e0     lauxlib.obj
 0003:000018ec       ??_C@_03DDAHKNHO@_G?4@     000000018009d8ec     lauxlib.obj
 0003:000018f0       ??_C@_0O@EHCGJIOP@function?5?8?$CFs?8@ 000000018009d8f0     lauxlib.obj
 0003:00001900       ??_C@_07JJBIELFA@?$CFs?5?8?$CFs?8@ 000000018009d900     lauxlib.obj
 0003:00001910       ??_C@_0L@HEICADBI@main?5chunk@ 000000018009d910     lauxlib.obj
 0003:00001920       ??_C@_0BB@OJHNELPG@function?5?$DM?$CFs?3?$CFd?$DO@ 000000018009d920     lauxlib.obj
 0003:00001938       ??_C@_0BB@CJHIJJAH@stack?5traceback?3@ 000000018009d938     lauxlib.obj
 0003:00001950       ??_C@_0BL@NBBBEFEA@?6?7?4?4?4?7?$CIskipping?5?$CFd?5levels?$CJ@ 000000018009d950     lauxlib.obj
 0003:00001970       ??_C@_04DOIEKPJK@Slnt@     000000018009d970     lauxlib.obj
 0003:00001978       ??_C@_09DOCBGGFB@?6?7?$CFs?3?5in?5@ 000000018009d978     lauxlib.obj
 0003:00001988       ??_C@_0N@DNHLMHIC@?6?7?$CFs?3?$CFd?3?5in?5@ 000000018009d988     lauxlib.obj
 0003:00001998       ??_C@_0BF@HEPAINJG@?6?7?$CI?4?4?4tail?5calls?4?4?4?$CJ@ 000000018009d998     lauxlib.obj
 0003:000019b8       ??_C@_0BG@CHJGEHJL@bad?5argument?5?$CD?$CFd?5?$CI?$CFs?$CJ@ 000000018009d9b8     lauxlib.obj
 0003:000019d4       ??_C@_01EFFIKLCJ@n@        000000018009d9d4     lauxlib.obj
 0003:000019d8       ??_C@_06GABBCIBA@method@   000000018009d9d8     lauxlib.obj
 0003:000019e0       ??_C@_0BO@LENGMNDF@calling?5?8?$CFs?8?5on?5bad?5self?5?$CI?$CFs?$CJ@ 000000018009d9e0     lauxlib.obj
 0003:00001a08       ??_C@_0BO@GOMKJOAH@bad?5argument?5?$CD?$CFd?5to?5?8?$CFs?8?5?$CI?$CFs?$CJ@ 000000018009da08     lauxlib.obj
 0003:00001a2c       ??_C@_06LHMLJNCG@__name@   000000018009da2c     lauxlib.obj
 0003:00001a38       ??_C@_0P@JGKNIAMH@light?5userdata@ 000000018009da38     lauxlib.obj
 0003:00001a50       ??_C@_0BE@LDJANOJE@?$CFs?5expected?0?5got?5?$CFs@ 000000018009da50     lauxlib.obj
 0003:00001a68       ??_C@_02KHAMJCKP@Sl@       000000018009da68     lauxlib.obj
 0003:00001a70       ??_C@_07FCDHCGBN@?$CFs?3?$CFd?3?5@ 000000018009da70     lauxlib.obj
 0003:00001a7c       ??_C@_06DJHOIPC@?$CFs?3?5?$CFs@ 000000018009da7c     lauxlib.obj
 0003:00001a84       ??_C@_04MKNBDEPB@exit@     000000018009da84     lauxlib.obj
 0003:00001a90       ??_C@_0BE@HBADPNMP@invalid?5option?5?8?$CFs?8@ 000000018009da90     lauxlib.obj
 0003:00001aa8       ??_C@_0BE@CBBDHBEP@stack?5overflow?5?$CI?$CFs?$CJ@ 000000018009daa8     lauxlib.obj
 0003:00001ac0       ??_C@_0P@EODJGPIM@stack?5overflow@ 000000018009dac0     lauxlib.obj
 0003:00001ad8       ??_C@_0P@PDHEKNMA@value?5expected@ 000000018009dad8     lauxlib.obj
 0003:00001af0       ??_C@_0CF@GPCMCKGL@number?5has?5no?5integer?5represent@ 000000018009daf0     lauxlib.obj
 0003:00001b20       ??_C@_0BC@ENOOLCNF@not?5enough?5memory@ 000000018009db20     lauxlib.obj
 0003:00001b38       ??_C@_06HMNNAPJ@_UBOX?$CK@ 000000018009db38     lauxlib.obj
 0003:00001b40       ??_C@_0BB@IIFCFAGL@buffer?5too?5large@ 000000018009db40     lauxlib.obj
 0003:00001b58       ??_C@_0BB@BJDGDOHH@cannot?5?$CFs?5?$CFs?3?5?$CFs@ 000000018009db58     lauxlib.obj
 0003:00001b6c       ??_C@_03PKPBNCAL@?o?$LL?$LP@ 000000018009db6c     lauxlib.obj
 0003:00001b70       ??_C@_06CCPPALKB@?$DNstdin@ 000000018009db70     lauxlib.obj
 0003:00001b78       ??_C@_03HPDLNGOA@?$EA?$CFs@ 000000018009db78     lauxlib.obj
 0003:00001b7c       ??_C@_01KDCPPGHE@r@        000000018009db7c     lauxlib.obj
 0003:00001b80       ??_C@_04PMOCAHAA@open@     000000018009db80     lauxlib.obj
 0003:00001b88       ??_C@_04NBPDLJKJ@?$BLLua@  000000018009db88     lauxlib.obj
 0003:00001b90       ??_C@_02JDPG@rb@           000000018009db90     lauxlib.obj
 0003:00001b94       ??_C@_06IEGCHAII@reopen@   000000018009db94     lauxlib.obj
 0003:00001b9c       ??_C@_04POLDLDMI@read@     000000018009db9c     lauxlib.obj
 0003:00001ba8       ??_C@_0CA@GGPBEEGI@object?5length?5is?5not?5an?5integer@ 000000018009dba8     lauxlib.obj
 0003:00001bd0       ??_C@_0L@HDFPAPPH@__tostring@ 000000018009dbd0     lauxlib.obj
 0003:00001be0       ??_C@_0CC@DOCFOFGL@?8__tostring?8?5must?5return?5a?5stri@ 000000018009dbe0     lauxlib.obj
 0003:00001c08       ??_C@_02BPIDFGKK@?$CFI@    000000018009dc08     lauxlib.obj
 0003:00001c0c       ??_C@_02NJPGOMH@?$CFf@     000000018009dc0c     lauxlib.obj
 0003:00001c10       ??_C@_04LOAJBDKD@true@     000000018009dc10     lauxlib.obj
 0003:00001c18       ??_C@_05LAPONLG@false@     000000018009dc18     lauxlib.obj
 0003:00001c20       ??_C@_03ILAMHENH@nil@      000000018009dc20     lauxlib.obj
 0003:00001c24       ??_C@_06CILKLLDB@?$CFs?3?5?$CFp@ 000000018009dc24     lauxlib.obj
 0003:00001c30       ??_C@_0BC@CDGHCIOF@too?5many?5upvalues@ 000000018009dc30     lauxlib.obj
 0003:00001c48       ??_C@_0BN@BJBIBCMN@error?5object?5is?5not?5a?5string@ 000000018009dc48     lauxlib.obj
 0003:00001c70       ??_C@_0DC@EFOPIIKP@PANIC?3?5unprotected?5error?5in?5cal@ 000000018009dc70     lauxlib.obj
 0003:00001cac       ??_C@_03MCADLMAF@off@      000000018009dcac     lauxlib.obj
 0003:00001cb0       ??_C@_02LIELOMNJ@on@       000000018009dcb0     lauxlib.obj
 0003:00001cb4       ??_C@_02DKCKIIND@?$CFs@    000000018009dcb4     lauxlib.obj
 0003:00001cb8       ??_C@_01EEMJAFIK@?6@       000000018009dcb8     lauxlib.obj
 0003:00001cc0       ??_C@_0O@KOLJDGHA@Lua?5warning?3?5@ 000000018009dcc0     lauxlib.obj
 0003:00001cd0       ??_C@_0DB@FGBFPBHC@core?5and?5library?5have?5incompati@ 000000018009dcd0     lauxlib.obj
 0003:00001d10       ??_C@_0DG@EDLDPMHE@version?5mismatch?3?5app?4?5needs?5?$CFf@ 000000018009dd10     lauxlib.obj
 0003:00001d50       ??_C@_0M@LPKHOAFP@incremental@ 000000018009dd50     lbaselib.obj
 0003:00001d60       ??_C@_0N@LDJIAIKF@generational@ 000000018009dd60     lbaselib.obj
 0003:00001ffc       ??_C@_04PEGFANN@stop@      000000018009dffc     lbaselib.obj
 0003:00002008       ??_C@_07LDHOHMPD@restart@  000000018009e008     lbaselib.obj
 0003:00002018       ??_C@_07JHIJCABF@collect@  000000018009e018     lbaselib.obj
 0003:00002024       ??_C@_05IOMEMJEC@count@    000000018009e024     lbaselib.obj
 0003:0000202c       ??_C@_04CNBNFAL@step@      000000018009e02c     lbaselib.obj
 0003:00002038       ??_C@_08ONFIAENP@setpause@ 000000018009e038     lbaselib.obj
 0003:00002048       ??_C@_0L@KABEJKKP@setstepmul@ 000000018009e048     lbaselib.obj
 0003:00002058       ??_C@_09JCKLCKIH@isrunning@ 000000018009e058     lbaselib.obj
 0003:00002064       ??_C@_06GMEIIFFN@assert@   000000018009e064     lbaselib.obj
 0003:00002070       ??_C@_0P@CKFEAJJE@collectgarbage@ 000000018009e070     lbaselib.obj
 0003:00002084       ??_C@_06ONNDGCDK@dofile@   000000018009e084     lbaselib.obj
 0003:0000208c       ??_C@_05KKCIMGE@error@     000000018009e08c     lbaselib.obj
 0003:00002098       ??_C@_0N@LGLOEPAG@getmetatable@ 000000018009e098     lbaselib.obj
 0003:000020a8       ??_C@_06MGIEFEAJ@ipairs@   000000018009e0a8     lbaselib.obj
 0003:000020b0       ??_C@_08BNNFLGCJ@loadfile@ 000000018009e0b0     lbaselib.obj
 0003:000020bc       ??_C@_04EONOHKEP@load@     000000018009e0bc     lbaselib.obj
 0003:000020c4       ??_C@_04CJGEDOF@next@      000000018009e0c4     lbaselib.obj
 0003:000020cc       ??_C@_05PEAECDOC@pairs@    000000018009e0cc     lbaselib.obj
 0003:000020d4       ??_C@_05JAJCNIIJ@pcall@    000000018009e0d4     lbaselib.obj
 0003:000020dc       ??_C@_05IJDJACGD@print@    000000018009e0dc     lbaselib.obj
 0003:000020e4       ??_C@_04FNLOFOEM@warn@     000000018009e0e4     lbaselib.obj
 0003:000020f0       ??_C@_08LCBKMMAG@rawequal@ 000000018009e0f0     lbaselib.obj
 0003:000020fc       ??_C@_06FFKMAGPK@rawlen@   000000018009e0fc     lbaselib.obj
 0003:00002104       ??_C@_06DCIAHLCA@rawget@   000000018009e104     lbaselib.obj
 0003:0000210c       ??_C@_06ONPLLLOI@rawset@   000000018009e10c     lbaselib.obj
 0003:00002114       ??_C@_06LGNCCACI@select@   000000018009e114     lbaselib.obj
 0003:00002120       ??_C@_0N@MCAAIDEK@setmetatable@ 000000018009e120     lbaselib.obj
 0003:00002130       ??_C@_08JOIMPOJO@tonumber@ 000000018009e130     lbaselib.obj
 0003:00002140       ??_C@_08FNIIFOJC@tostring@ 000000018009e140     lbaselib.obj
 0003:0000214c       ??_C@_04GPMDFGEJ@type@     000000018009e14c     lbaselib.obj
 0003:00002154       ??_C@_06GDLLDIBI@xpcall@   000000018009e154     lbaselib.obj
 0003:0000215c       ??_C@_02NIGGJGKC@_G@       000000018009e15c     lbaselib.obj
 0003:00002160       ??_C@_08PMLCGGEP@_VERSION@ 000000018009e160     lbaselib.obj
 0003:00002374       ??_C@_01GPOEFGEJ@?7@       000000018009e374     lbaselib.obj
 0003:00002378       ??_C@_06IOBDPLFO@?5?$AM?6?$AN?7?$AL@ 000000018009e378     lbaselib.obj
 0003:00002380       ??_C@_0BC@GGLHLOMM@base?5out?5of?5range@ 000000018009e380     lbaselib.obj
 0003:00002398       ??_C@_0M@OKDMMFBL@__metatable@ 000000018009e398     lbaselib.obj
 0003:000023a8       ??_C@_0N@PKGNFMCF@nil?5or?5table@ 000000018009e3a8     lbaselib.obj
 0003:000023b8       ??_C@_0CE@LJKICCEL@cannot?5change?5a?5protected?5metat@ 000000018009e3b8     lbaselib.obj
 0003:000023e8       ??_C@_0BA@MLHECKCE@table?5or?5string@ 000000018009e3e8     lbaselib.obj
 0003:00002400       ??_C@_07HJHPCFBM@__pairs@  000000018009e400     lbaselib.obj
 0003:00002410       ??_C@_0BK@NJPFPDBN@too?5many?5nested?5functions@ 000000018009e410     lbaselib.obj
 0003:00002430       ??_C@_0CF@IPNALDCD@reader?5function?5must?5return?5a?5s@ 000000018009e430     lbaselib.obj
 0003:0000245c       ??_C@_02LOIFFB@bt@         000000018009e45c     lbaselib.obj
 0003:00002460       ??_C@_07JEBBFCAN@?$DN?$CIload?$CJ@ 000000018009e460     lbaselib.obj
 0003:00002470       ??_C@_0BC@ONMFJPBH@assertion?5failed?$CB@ 000000018009e470     lbaselib.obj
 0003:00002488       ??_C@_0BD@ILOGJALA@index?5out?5of?5range@ 000000018009e488     lbaselib.obj
 0003:000024a0       ??_C@_07BGNKGLMN@Lua?55?44@ 000000018009e4a0     lbaselib.obj
 0003:000024b0       __real@4090000000000000    000000018009e4b0     lbaselib.obj
 0003:00002e90       ??_C@_0BL@BDOLDOFI@control?5structure?5too?5long@ 000000018009ee90     lcode.obj
 0003:00002eb0       ??_C@_05DENOCHIP@lines@    000000018009eeb0     lcode.obj
 0003:00002eb8       ??_C@_07BEDGJMGI@opcodes@  000000018009eeb8     lcode.obj
 0003:00002ec8       ??_C@_0DA@PHCKMDLF@function?5or?5expression?5needs?5to@ 000000018009eec8     lcode.obj
 0003:00002f08       ??_C@_09FGMGFBD@constants@ 000000018009ef08     lcode.obj
 0003:00002f18       __real@0000000000000000    000000018009ef18     lcode.obj
 0003:00002f28       __real@3ff0000000000000    000000018009ef28     lcode.obj
 0003:00003018       ??_C@_07PANPENDC@running@  000000018009f018     lcorolib.obj
 0003:00003024       ??_C@_04BBBDNBOK@dead@     000000018009f024     lcorolib.obj
 0003:00003030       ??_C@_09PAHKPJCJ@suspended@ 000000018009f030     lcorolib.obj
 0003:0000303c       ??_C@_06IKLLLDHL@normal@   000000018009f03c     lcorolib.obj
 0003:00003044       ??_C@_06HBNONAG@create@    000000018009f044     lcorolib.obj
 0003:0000304c       ??_C@_06PLELHCEK@resume@   000000018009f04c     lcorolib.obj
 0003:00003054       ??_C@_06DJIHEMFI@status@   000000018009f054     lcorolib.obj
 0003:0000305c       ??_C@_04NFDDIEML@wrap@     000000018009f05c     lcorolib.obj
 0003:00003064       ??_C@_05LKJGIMLP@yield@    000000018009f064     lcorolib.obj
 0003:00003070       ??_C@_0M@IHMPMLIH@isyieldable@ 000000018009f070     lcorolib.obj
 0003:00003080       ??_C@_05LBOHBHFK@close@    000000018009f080     lcorolib.obj
 0003:00003184       ??_C@_06FJHNOCKE@thread@   000000018009f184     lcorolib.obj
 0003:00003190       ??_C@_0BN@CLPLGDGN@too?5many?5arguments?5to?5resume@ 000000018009f190     lcorolib.obj
 0003:000031b8       ??_C@_0BL@OALEJBKN@too?5many?5results?5to?5resume@ 000000018009f1b8     lcorolib.obj
 0003:000031d8       ??_C@_0BM@NNBIAPBA@cannot?5close?5a?5?$CFs?5coroutine@ 000000018009f1d8     lcorolib.obj
 0003:00003200       luai_ctype_                000000018009f200     lctype.obj
 0003:000034d8       ??_C@_08HMDGBONF@_HOOKKEY@ 000000018009f4d8     ldblib.obj
 0003:000034e4       ??_C@_04OMFAIDPG@call@     000000018009f4e4     ldblib.obj
 0003:000034ec       ??_C@_06LNOFJDNM@return@   000000018009f4ec     ldblib.obj
 0003:000034f4       ??_C@_04HJPCFDOP@line@     000000018009f4f4     ldblib.obj
 0003:00003500       ??_C@_09PJFMDEKP@tail?5call@ 000000018009f500     ldblib.obj
 0003:0000350c       ??_C@_05GFCDIDHO@debug@    000000018009f50c     ldblib.obj
 0003:00003518       ??_C@_0N@FNKEMMA@getuservalue@ 000000018009f518     ldblib.obj
 0003:00003528       ??_C@_07GELEAAJ@gethook@   000000018009f528     ldblib.obj
 0003:00003538       ??_C@_07OICKPAFH@getinfo@  000000018009f538     ldblib.obj
 0003:00003548       ??_C@_08GMECKPDH@getlocal@ 000000018009f548     ldblib.obj
 0003:00003558       ??_C@_0M@NCNCBJKP@getregistry@ 000000018009f558     ldblib.obj
 0003:00003568       ??_C@_0L@DNKHBCFJ@getupvalue@ 000000018009f568     ldblib.obj
 0003:00003578       ??_C@_0M@BLDMBHBB@upvaluejoin@ 000000018009f578     ldblib.obj
 0003:00003588       ??_C@_09LPCDDMGF@upvalueid@ 000000018009f588     ldblib.obj
 0003:00003598       ??_C@_0N@HBGEIAIM@setuservalue@ 000000018009f598     ldblib.obj
 0003:000035a8       ??_C@_07POLKHPNI@sethook@  000000018009f5a8     ldblib.obj
 0003:000035b8       ??_C@_08JNGOLMEK@setlocal@ 000000018009f5b8     ldblib.obj
 0003:000035c8       ??_C@_0L@CDIIKFBA@setupvalue@ 000000018009f5c8     ldblib.obj
 0003:000035d8       ??_C@_09GPFEECNC@traceback@ 000000018009f5d8     ldblib.obj
 0003:000035e8       ??_C@_0P@DIFAIHEN@setcstacklimit@ 000000018009f5e8     ldblib.obj
 0003:00003b38       ??_C@_07ENIEFBCC@flnSrtu@  000000018009fb38     ldblib.obj
 0003:00003b48       ??_C@_0BD@NJNGCHOO@invalid?5option?5?8?$DO?8@ 000000018009fb48     ldblib.obj
 0003:00003b60       ??_C@_03PENLABEP@?$DO?$CFs@ 000000018009fb60     ldblib.obj
 0003:00003b68       ??_C@_0P@PJFAGLMH@invalid?5option@ 000000018009fb68     ldblib.obj
 0003:00003b7c       ??_C@_06OEKOLKIL@source@   000000018009fb7c     ldblib.obj
 0003:00003b88       ??_C@_09NOFDGFFO@short_src@ 000000018009fb88     ldblib.obj
 0003:00003b98       ??_C@_0M@IOFFDKM@linedefined@ 000000018009fb98     ldblib.obj
 0003:00003ba8       ??_C@_0BA@BGGOJOFO@lastlinedefined@ 000000018009fba8     ldblib.obj
 0003:00003bbc       ??_C@_04IOPLPGDE@what@     000000018009fbbc     ldblib.obj
 0003:00003bc8       ??_C@_0M@OLGEEKJC@currentline@ 000000018009fbc8     ldblib.obj
 0003:00003bd8       ??_C@_04BDNNNDAF@nups@     000000018009fbd8     ldblib.obj
 0003:00003be0       ??_C@_07DEOJMPEE@nparams@  000000018009fbe0     ldblib.obj
 0003:00003bf0       ??_C@_08PKLIBBKE@isvararg@ 000000018009fbf0     ldblib.obj
 0003:00003bfc       ??_C@_04MEMAJGDJ@name@     000000018009fbfc     ldblib.obj
 0003:00003c08       ??_C@_08JEGIFMFI@namewhat@ 000000018009fc08     ldblib.obj
 0003:00003c18       ??_C@_09GPKDOOIO@ftransfer@ 000000018009fc18     ldblib.obj
 0003:00003c28       ??_C@_09HMHEKOHK@ntransfer@ 000000018009fc28     ldblib.obj
 0003:00003c38       ??_C@_0L@KHAEKHMK@istailcall@ 000000018009fc38     ldblib.obj
 0003:00003c48       ??_C@_0M@DINLHJFF@activelines@ 000000018009fc48     ldblib.obj
 0003:00003c58       ??_C@_04HPNHAEOP@func@     000000018009fc58     ldblib.obj
 0003:00003c60       ??_C@_0BD@EFMIJNPC@level?5out?5of?5range@ 000000018009fc60     ldblib.obj
 0003:00003c78       ??_C@_0BG@MMNKKMGE@invalid?5upvalue?5index@ 000000018009fc78     ldblib.obj
 0003:00003c98       ??_C@_0BG@EHJAKGKG@Lua?5function?5expected@ 000000018009fc98     ldblib.obj
 0003:00003cb4       ??_C@_01DICPFPGM@k@        000000018009fcb4     ldblib.obj
 0003:00003cb8       ??_C@_06BPGFKLEK@__mode@   000000018009fcb8     ldblib.obj
 0003:00003cc0       ??_C@_0O@POGBCBNN@external?5hook@ 000000018009fcc0     ldblib.obj
 0003:00003cd0       ??_C@_0M@FBGICICO@lua_debug?$DO?5@ 000000018009fcd0     ldblib.obj
 0003:00003ce0       ??_C@_05KJNBGLAC@cont?6@   000000018009fce0     ldblib.obj
 0003:00003ce8       ??_C@_0BB@BLKFCGLG@?$DN?$CIdebug?5command?$CJ@ 000000018009fce8     ldblib.obj
 0003:00003cfc       ??_C@_03OFAPEBGM@?$CFs?6@  000000018009fcfc     ldblib.obj
 0003:000041f8       ??_C@_08ENHBMMMC@?$CIvararg?$CJ@ 00000001800a01f8     ldebug.obj
 0003:00004208       ??_C@_0M@KDEIOHKI@?$CItemporary?$CJ@ 00000001800a0208     ldebug.obj
 0003:00004218       ??_C@_0O@PBFALFHF@?$CIC?5temporary?$CJ@ 00000001800a0218     ldebug.obj
 0003:00004228       ??_C@_04BKJOMPG@?$DN?$FLC?$FN@ 00000001800a0228     ldebug.obj
 0003:00004230       ??_C@_01GFHCPBMG@C@        00000001800a0230     ldebug.obj
 0003:00004234       ??_C@_02HENDHKBC@?$DN?$DP@ 00000001800a0234     ldebug.obj
 0003:00004238       ??_C@_04GHJNJNPO@main@     00000001800a0238     ldebug.obj
 0003:00004240       ??_C@_03CBKFDHDL@Lua@      00000001800a0240     ldebug.obj
 0003:00004244       ??_C@_04LJLBKCOP@_ENV@     00000001800a0244     ldebug.obj
 0003:0000424c       ??_C@_06FJKEMHGD@global@   00000001800a024c     ldebug.obj
 0003:00004254       ??_C@_05EIBGDMPB@field@    00000001800a0254     ldebug.obj
 0003:0000425c       ??_C@_05IDKHKMLA@local@    00000001800a025c     ldebug.obj
 0003:00004268       ??_C@_0O@OOFFNJAC@integer?5index@ 00000001800a0268     ldebug.obj
 0003:00004278       ??_C@_07NAGMKCIK@upvalue@  00000001800a0278     ldebug.obj
 0003:00004288       ??_C@_08KFDOCAEB@constant@ 00000001800a0288     ldebug.obj
 0003:00004298       ??_C@_0N@LEHLDOCH@for?5iterator@ 00000001800a0298     ldebug.obj
 0003:000042a8       ??_C@_0L@ILHKGAHF@metamethod@ 00000001800a02a8     ldebug.obj
 0003:000042b8       ??_C@_04DGFIONEK@hook@     00000001800a02b8     ldebug.obj
 0003:000042c0       ??_C@_0L@HICMLPOF@?5?$CI?$CFs?5?8?$CFs?8?$CJ@ 00000001800a02c0     ldebug.obj
 0003:000042d0       ??_C@_0BL@BEEJNDFB@attempt?5to?5?$CFs?5a?5?$CFs?5value?$CFs@ 00000001800a02d0     ldebug.obj
 0003:000042f0       ??_C@_0CH@OPBHCFMM@bad?5?8for?8?5?$CFs?5?$CInumber?5expected?0?5@ 00000001800a02f0     ldebug.obj
 0003:00004320       ??_C@_0M@LPKAOE@concatenate@ 00000001800a0320     ldebug.obj
 0003:00004330       ??_C@_0CH@EHJFDOFM@number?$CFs?5has?5no?5integer?5represe@ 00000001800a0330     ldebug.obj
 0003:00004360       ??_C@_0CB@DEJMKNMB@attempt?5to?5compare?5two?5?$CFs?5value@ 00000001800a0360     ldebug.obj
 0003:00004388       ??_C@_0BO@DNBGDDFP@attempt?5to?5compare?5?$CFs?5with?5?$CFs@ 00000001800a0388     ldebug.obj
 0003:000043b0       ??_C@_09BHPFBFOI@?$CFs?3?$CFd?3?5?$CFs@ 00000001800a03b0     ldebug.obj
 0003:000045b8       ??_C@_0BI@KGOCJOGJ@error?5in?5error?5handling@ 00000001800a05b8     ldo.obj
 0003:000045d8       ??_C@_0CG@NAAHDPPN@cannot?5resume?5non?9suspended?5cor@ 00000001800a05d8     ldo.obj
 0003:00004608       ??_C@_0BN@JJDDBCCB@cannot?5resume?5dead?5coroutine@ 00000001800a0608     ldo.obj
 0003:00004630       ??_C@_0BB@EJOGNINL@C?5stack?5overflow@ 00000001800a0630     ldo.obj
 0003:00004648       ??_C@_0CK@PNAEIJLG@attempt?5to?5yield?5across?5a?5C?9cal@ 00000001800a0648     ldo.obj
 0003:00004680       ??_C@_0CK@CHKMHBBM@attempt?5to?5yield?5from?5outside?5a@ 00000001800a0680     ldo.obj
 0003:000046b8       ??_C@_0CK@CHOBLPGK@attempt?5to?5load?5a?5?$CFs?5chunk?5?$CImod@ 00000001800a06b8     ldo.obj
 0003:000046ec       ??_C@_06FNFBAEBE@binary@   00000001800a06ec     ldo.obj
 0003:000046f4       ??_C@_04CIMGMMMG@text@     00000001800a06f4     ldo.obj
 0003:00004874       ??_C@_01BMBHCPLG@5@        00000001800a0874     ldump.obj
 0003:00004878       ??_C@_01FAMBOPH@4@         00000001800a0878     ldump.obj
 0003:0000487c       ??_C@_06HHFEHHII@?$BJ?$JD?$AN?6?$BK?6@ 00000001800a087c     ldump.obj
 0003:00004888       __real@4077280000000000    00000001800a0888     ldump.obj
 0003:00004898       ??_C@_0CH@DMFKJEBA@variable?5?8?$CFs?8?5got?5a?5non?9closabl@ 00000001800a0898     lfunc.obj
 0003:00004b28       ??_C@_07KNEGBPNO@package@  00000001800a0b28     linit.obj
 0003:00004b38       ??_C@_09HNKENHFC@coroutine@ 00000001800a0b38     linit.obj
 0003:00004b44       ??_C@_05LCLENNFI@table@    00000001800a0b44     linit.obj
 0003:00004b4c       ??_C@_02KFNNKBCK@io@       00000001800a0b4c     linit.obj
 0003:00004b50       ??_C@_02EHCHIAMF@os@       00000001800a0b50     linit.obj
 0003:00004b54       ??_C@_06ICGJLFIM@string@   00000001800a0b54     linit.obj
 0003:00004b5c       ??_C@_04CFDJAKFL@math@     00000001800a0b5c     linit.obj
 0003:00004b64       ??_C@_04LHHHFLPP@utf8@     00000001800a0b64     linit.obj
 0003:00004dc4       ??_C@_03KCHOJKKI@set@      00000001800a0dc4     liolib.obj
 0003:00004dc8       ??_C@_03LIBLMJMB@cur@      00000001800a0dc8     liolib.obj
 0003:00004dcc       ??_C@_03JBJLGPFL@end@      00000001800a0dcc     liolib.obj
 0003:00004dd0       ??_C@_02KAJCLHKP@no@       00000001800a0dd0     liolib.obj
 0003:00004dd4       ??_C@_04PLMLMMEO@full@     00000001800a0dd4     liolib.obj
 0003:00004ddc       ??_C@_05GLCAEPFP@flush@    00000001800a0ddc     liolib.obj
 0003:00004de4       ??_C@_05DFJCHPDH@input@    00000001800a0de4     liolib.obj
 0003:00004dec       ??_C@_06DKIGHACF@output@   00000001800a0dec     liolib.obj
 0003:00004df4       ??_C@_05IACAFMHP@popen@    00000001800a0df4     liolib.obj
 0003:00004e00       ??_C@_07FKJPAINK@tmpfile@  00000001800a0e00     liolib.obj
 0003:00004e0c       ??_C@_05NGFEDHGN@write@    00000001800a0e0c     liolib.obj
 0003:00004e14       ??_C@_04EDECCOGL@seek@     00000001800a0e14     liolib.obj
 0003:00004e20       ??_C@_07HHBPNGAN@setvbuf@  00000001800a0e20     liolib.obj
 0003:00004e30       ??_C@_07NHABFFHN@__index@  00000001800a0e30     liolib.obj
 0003:000050f4       ??_C@_03DCNFGMMH@rwa@      00000001800a10f4     liolib.obj
 0003:000050f8       ??_C@_01OJONOECF@b@        00000001800a10f8     liolib.obj
 0003:000050fc       ??_C@_05KCHOJJD@FILE?$CK@  00000001800a10fc     liolib.obj
 0003:00005108       ??_C@_0M@IBKPHHKH@closed?5file@ 00000001800a1108     liolib.obj
 0003:00005118       ??_C@_04DAMGJPCA@file@     00000001800a1118     liolib.obj
 0003:00005120       ??_C@_0O@PLFAPHPG@file?5?$CIclosed?$CJ@ 00000001800a1120     liolib.obj
[...]
 0007:0000040a       __B5792CFE_lzio@h          00000001800bc40a     ltable.obj
 0007:0000040b       __81E1BD92_signal@h        00000001800bc40b     ltable.obj
 0007:0000040c       __C901638D_lstate@h        00000001800bc40c     ltable.obj
 0007:0000040d       __5F6AD928_ldebug@h        00000001800bc40d     ltable.obj
 0007:0000040e       __6B75092A_ldo@h           00000001800bc40e     ltable.obj
 0007:0000040f       __70DA5FA0_lgc@h           00000001800bc40f     ltable.obj
 0007:00000410       __C3F2ED5F_lstring@h       00000001800bc410     ltable.obj
 0007:00000411       __8DB0CB8B_ltable@h        00000001800bc411     ltable.obj
 0007:00000412       __92E14250_lvm@h           00000001800bc412     ltable.obj
 0007:00000413       __1A621203_ltable@c        00000001800bc413     ltable.obj
 0007:00000419       __3883A680_lprefix@h       00000001800bc419     ltablib.obj
 0007:0000041a       __29CF54F3_concurrencysal@h 00000001800bc41a     ltablib.obj
 0007:0000041b       __413FEA08_sal@h           00000001800bc41b     ltablib.obj
 0007:0000041c       __6972C38F_vadefs@h        00000001800bc41c     ltablib.obj
 0007:0000041d       __E6B4F19D_vcruntime@h     00000001800bc41d     ltablib.obj
 0007:0000041e       __AF0983D6_limits@h        00000001800bc41e     ltablib.obj
 0007:0000041f       __6569C2CA_corecrt@h       00000001800bc41f     ltablib.obj
 0007:00000420       __C9393812_stddef@h        00000001800bc420     ltablib.obj
 0007:00000421       __CDDAF8CA_errno@h         00000001800bc421     ltablib.obj
 0007:00000422       __946B6786_vcruntime_string@h 00000001800bc422     ltablib.obj
 0007:00000423       __1FEB9909_corecrt_memcpy_s@h 00000001800bc423     ltablib.obj
 0007:00000424       __A751F051_corecrt_memory@h 00000001800bc424     ltablib.obj
 0007:00000425       __9200769A_corecrt_wstring@h 00000001800bc425     ltablib.obj
 0007:00000426       __32E5F013_string@h        00000001800bc426     ltablib.obj
 0007:00000427       __25A01326_stdarg@h        00000001800bc427     ltablib.obj
 0007:00000428       __B7E7D968_luaconf@h       00000001800bc428     ltablib.obj
 0007:00000429       __D20D6283_lua@h           00000001800bc429     ltablib.obj
 0007:0000042a       __A2143F22_corecrt_stdio_config@h 00000001800bc42a     ltablib.obj
 0007:0000042b       __829E1958_corecrt_wstdio@h 00000001800bc42b     ltablib.obj
 0007:0000042c       __6DFAE8B8_stdio@h         00000001800bc42c     ltablib.obj
 0007:0000042d       __A97C86F9_lauxlib@h       00000001800bc42d     ltablib.obj
 0007:0000042e       __53BB43D7_lualib@h        00000001800bc42e     ltablib.obj
 0007:0000042f       __1157D6BA_corecrt_wtime@h 00000001800bc42f     ltablib.obj
 0007:00000430       __A0B61CF9_time@h          00000001800bc430     ltablib.obj
 0007:00000431       __3B29F91E_ltablib@c       00000001800bc431     ltablib.obj
 0007:00000437       __3883A680_lprefix@h       00000001800bc437     ltm.obj
 0007:00000438       __29CF54F3_concurrencysal@h 00000001800bc438     ltm.obj
 0007:00000439       __413FEA08_sal@h           00000001800bc439     ltm.obj
 0007:0000043a       __6972C38F_vadefs@h        00000001800bc43a     ltm.obj
 0007:0000043b       __E6B4F19D_vcruntime@h     00000001800bc43b     ltm.obj
 0007:0000043c       __6569C2CA_corecrt@h       00000001800bc43c     ltm.obj
 0007:0000043d       __CDDAF8CA_errno@h         00000001800bc43d     ltm.obj
 0007:0000043e       __946B6786_vcruntime_string@h 00000001800bc43e     ltm.obj
 0007:0000043f       __1FEB9909_corecrt_memcpy_s@h 00000001800bc43f     ltm.obj
 0007:00000440       __A751F051_corecrt_memory@h 00000001800bc440     ltm.obj
 0007:00000441       __9200769A_corecrt_wstring@h 00000001800bc441     ltm.obj
 0007:00000442       __32E5F013_string@h        00000001800bc442     ltm.obj
 0007:00000443       __25A01326_stdarg@h        00000001800bc443     ltm.obj
 0007:00000444       __C9393812_stddef@h        00000001800bc444     ltm.obj
 0007:00000445       __AF0983D6_limits@h        00000001800bc445     ltm.obj
 0007:00000446       __B7E7D968_luaconf@h       00000001800bc446     ltm.obj
 0007:00000447       __D20D6283_lua@h           00000001800bc447     ltm.obj
 0007:00000448       __B66B3FCF_llimits@h       00000001800bc448     ltm.obj
 0007:00000449       __2A97C8CC_lobject@h       00000001800bc449     ltm.obj
 0007:0000044a       __38E88ADB_ltm@h           00000001800bc44a     ltm.obj
 0007:0000044b       __2EEB0CBA_lmem@h          00000001800bc44b     ltm.obj
 0007:0000044c       __B5792CFE_lzio@h          00000001800bc44c     ltm.obj
 0007:0000044d       __81E1BD92_signal@h        00000001800bc44d     ltm.obj
 0007:0000044e       __C901638D_lstate@h        00000001800bc44e     ltm.obj
 0007:0000044f       __5F6AD928_ldebug@h        00000001800bc44f     ltm.obj
 0007:00000450       __6B75092A_ldo@h           00000001800bc450     ltm.obj
 0007:00000451       __70DA5FA0_lgc@h           00000001800bc451     ltm.obj
 0007:00000452       __C3F2ED5F_lstring@h       00000001800bc452     ltm.obj
 0007:00000453       __8DB0CB8B_ltable@h        00000001800bc453     ltm.obj
 0007:00000454       __92E14250_lvm@h           00000001800bc454     ltm.obj
 0007:00000455       __AF3A5353_ltm@c           00000001800bc455     ltm.obj
 0007:0000045c       __3883A680_lprefix@h       00000001800bc45c     lundump.obj
 0007:0000045d       __29CF54F3_concurrencysal@h 00000001800bc45d     lundump.obj
 0007:0000045e       __413FEA08_sal@h           00000001800bc45e     lundump.obj
 0007:0000045f       __6972C38F_vadefs@h        00000001800bc45f     lundump.obj
 0007:00000460       __E6B4F19D_vcruntime@h     00000001800bc460     lundump.obj
 0007:00000461       __AF0983D6_limits@h        00000001800bc461     lundump.obj
 0007:00000462       __6569C2CA_corecrt@h       00000001800bc462     lundump.obj
 0007:00000463       __CDDAF8CA_errno@h         00000001800bc463     lundump.obj
 0007:00000464       __946B6786_vcruntime_string@h 00000001800bc464     lundump.obj
 0007:00000465       __1FEB9909_corecrt_memcpy_s@h 00000001800bc465     lundump.obj
 0007:00000466       __A751F051_corecrt_memory@h 00000001800bc466     lundump.obj
 0007:00000467       __9200769A_corecrt_wstring@h 00000001800bc467     lundump.obj
 0007:00000468       __32E5F013_string@h        00000001800bc468     lundump.obj
 0007:00000469       __25A01326_stdarg@h        00000001800bc469     lundump.obj
 0007:0000046a       __C9393812_stddef@h        00000001800bc46a     lundump.obj
 0007:0000046b       __B7E7D968_luaconf@h       00000001800bc46b     lundump.obj
 0007:0000046c       __D20D6283_lua@h           00000001800bc46c     lundump.obj
 0007:0000046d       __B66B3FCF_llimits@h       00000001800bc46d     lundump.obj
 0007:0000046e       __2A97C8CC_lobject@h       00000001800bc46e     lundump.obj
 0007:0000046f       __38E88ADB_ltm@h           00000001800bc46f     lundump.obj
 0007:00000470       __2EEB0CBA_lmem@h          00000001800bc470     lundump.obj
 0007:00000471       __B5792CFE_lzio@h          00000001800bc471     lundump.obj
 0007:00000472       __81E1BD92_signal@h        00000001800bc472     lundump.obj
 0007:00000473       __C901638D_lstate@h        00000001800bc473     lundump.obj
 0007:00000474       __5F6AD928_ldebug@h        00000001800bc474     lundump.obj
 0007:00000475       __6B75092A_ldo@h           00000001800bc475     lundump.obj
 0007:00000476       __AE00664B_lfunc@h         00000001800bc476     lundump.obj
 0007:00000477       __70DA5FA0_lgc@h           00000001800bc477     lundump.obj
 0007:00000478       __C3F2ED5F_lstring@h       00000001800bc478     lundump.obj
 0007:00000479       __BD70A646_lundump@h       00000001800bc479     lundump.obj
 0007:0000047a       __2AA27FCE_lundump@c       00000001800bc47a     lundump.obj
 0007:00000481       __3883A680_lprefix@h       00000001800bc481     lutf8lib.obj
 0007:00000482       __29CF54F3_concurrencysal@h 00000001800bc482     lutf8lib.obj
 0007:00000483       __413FEA08_sal@h           00000001800bc483     lutf8lib.obj
 0007:00000484       __6972C38F_vadefs@h        00000001800bc484     lutf8lib.obj
 0007:00000485       __E6B4F19D_vcruntime@h     00000001800bc485     lutf8lib.obj
 0007:00000486       __6569C2CA_corecrt@h       00000001800bc486     lutf8lib.obj
 0007:00000487       __C3DF3361_assert@h        00000001800bc487     lutf8lib.obj
 0007:00000488       __AF0983D6_limits@h        00000001800bc488     lutf8lib.obj
 0007:00000489       __6C20D4D3_corecrt_malloc@h 00000001800bc489     lutf8lib.obj
 0007:0000048a       __C9393812_stddef@h        00000001800bc48a     lutf8lib.obj
 0007:0000048b       __D493B9BD_corecrt_search@h 00000001800bc48b     lutf8lib.obj
 0007:0000048c       __1473E23E_corecrt_wstdlib@h 00000001800bc48c     lutf8lib.obj
 0007:0000048d       __B49664B7_stdlib@h        00000001800bc48d     lutf8lib.obj
 0007:0000048e       __CDDAF8CA_errno@h         00000001800bc48e     lutf8lib.obj
 0007:0000048f       __946B6786_vcruntime_string@h 00000001800bc48f     lutf8lib.obj
 0007:00000490       __1FEB9909_corecrt_memcpy_s@h 00000001800bc490     lutf8lib.obj
 0007:00000491       __A751F051_corecrt_memory@h 00000001800bc491     lutf8lib.obj
 0007:00000492       __9200769A_corecrt_wstring@h 00000001800bc492     lutf8lib.obj
 0007:00000493       __32E5F013_string@h        00000001800bc493     lutf8lib.obj
 0007:00000494       __25A01326_stdarg@h        00000001800bc494     lutf8lib.obj
 0007:00000495       __B7E7D968_luaconf@h       00000001800bc495     lutf8lib.obj
 0007:00000496       __D20D6283_lua@h           00000001800bc496     lutf8lib.obj
 0007:00000497       __A2143F22_corecrt_stdio_config@h 00000001800bc497     lutf8lib.obj
 0007:00000498       __829E1958_corecrt_wstdio@h 00000001800bc498     lutf8lib.obj
 0007:00000499       __6DFAE8B8_stdio@h         00000001800bc499     lutf8lib.obj
 0007:0000049a       __A97C86F9_lauxlib@h       00000001800bc49a     lutf8lib.obj
 0007:0000049b       __53BB43D7_lualib@h        00000001800bc49b     lutf8lib.obj
 0007:0000049c       __4D492C1B_lutf8lib@c      00000001800bc49c     lutf8lib.obj
 0007:000004a2       __3883A680_lprefix@h       00000001800bc4a2     lvm.obj
 0007:000004a3       __29CF54F3_concurrencysal@h 00000001800bc4a3     lvm.obj
 0007:000004a4       __413FEA08_sal@h           00000001800bc4a4     lvm.obj
 0007:000004a5       __6972C38F_vadefs@h        00000001800bc4a5     lvm.obj
 0007:000004a6       __E6B4F19D_vcruntime@h     00000001800bc4a6     lvm.obj
 0007:000004a7       __6569C2CA_corecrt@h       00000001800bc4a7     lvm.obj
 0007:000004a8       __158E8E48_float@h         00000001800bc4a8     lvm.obj
 0007:000004a9       __AF0983D6_limits@h        00000001800bc4a9     lvm.obj
 0007:000004aa       __741AE07E_corecrt_math@h  00000001800bc4aa     lvm.obj
 0007:000004ab       __91D68F2D_math@h          00000001800bc4ab     lvm.obj
 0007:000004ac       __A2143F22_corecrt_stdio_config@h 00000001800bc4ac     lvm.obj
 0007:000004ad       __829E1958_corecrt_wstdio@h 00000001800bc4ad     lvm.obj
 0007:000004ae       __6DFAE8B8_stdio@h         00000001800bc4ae     lvm.obj
 0007:000004af       __6C20D4D3_corecrt_malloc@h 00000001800bc4af     lvm.obj
 0007:000004b0       __C9393812_stddef@h        00000001800bc4b0     lvm.obj
 0007:000004b1       __D493B9BD_corecrt_search@h 00000001800bc4b1     lvm.obj
 0007:000004b2       __1473E23E_corecrt_wstdlib@h 00000001800bc4b2     lvm.obj
 0007:000004b3       __B49664B7_stdlib@h        00000001800bc4b3     lvm.obj
 0007:000004b4       __CDDAF8CA_errno@h         00000001800bc4b4     lvm.obj
 0007:000004b5       __946B6786_vcruntime_string@h 00000001800bc4b5     lvm.obj
 0007:000004b6       __1FEB9909_corecrt_memcpy_s@h 00000001800bc4b6     lvm.obj
 0007:000004b7       __A751F051_corecrt_memory@h 00000001800bc4b7     lvm.obj
 0007:000004b8       __9200769A_corecrt_wstring@h 00000001800bc4b8     lvm.obj
 0007:000004b9       __32E5F013_string@h        00000001800bc4b9     lvm.obj
 0007:000004ba       __25A01326_stdarg@h        00000001800bc4ba     lvm.obj
 0007:000004bb       __B7E7D968_luaconf@h       00000001800bc4bb     lvm.obj
 0007:000004bc       __D20D6283_lua@h           00000001800bc4bc     lvm.obj
 0007:000004bd       __B66B3FCF_llimits@h       00000001800bc4bd     lvm.obj
 0007:000004be       __2A97C8CC_lobject@h       00000001800bc4be     lvm.obj
 0007:000004bf       __38E88ADB_ltm@h           00000001800bc4bf     lvm.obj
 0007:000004c0       __2EEB0CBA_lmem@h          00000001800bc4c0     lvm.obj
 0007:000004c1       __B5792CFE_lzio@h          00000001800bc4c1     lvm.obj
 0007:000004c2       __81E1BD92_signal@h        00000001800bc4c2     lvm.obj
 0007:000004c3       __C901638D_lstate@h        00000001800bc4c3     lvm.obj
 0007:000004c4       __5F6AD928_ldebug@h        00000001800bc4c4     lvm.obj
 0007:000004c5       __6B75092A_ldo@h           00000001800bc4c5     lvm.obj
 0007:000004c6       __AE00664B_lfunc@h         00000001800bc4c6     lvm.obj
 0007:000004c7       __70DA5FA0_lgc@h           00000001800bc4c7     lvm.obj
 0007:000004c8       __43CE1950_lopcodes@h      00000001800bc4c8     lvm.obj
 0007:000004c9       __C3F2ED5F_lstring@h       00000001800bc4c9     lvm.obj
 0007:000004ca       __8DB0CB8B_ltable@h        00000001800bc4ca     lvm.obj
 0007:000004cb       __92E14250_lvm@h           00000001800bc4cb     lvm.obj
 0007:000004cc       __05339BD8_lvm@c           00000001800bc4cc     lvm.obj
 0007:000004d5       __3883A680_lprefix@h       00000001800bc4d5     lzio.obj
 0007:000004d6       __29CF54F3_concurrencysal@h 00000001800bc4d6     lzio.obj
 0007:000004d7       __413FEA08_sal@h           00000001800bc4d7     lzio.obj
 0007:000004d8       __6972C38F_vadefs@h        00000001800bc4d8     lzio.obj
 0007:000004d9       __E6B4F19D_vcruntime@h     00000001800bc4d9     lzio.obj
 0007:000004da       __6569C2CA_corecrt@h       00000001800bc4da     lzio.obj
 0007:000004db       __CDDAF8CA_errno@h         00000001800bc4db     lzio.obj
 0007:000004dc       __946B6786_vcruntime_string@h 00000001800bc4dc     lzio.obj
 0007:000004dd       __1FEB9909_corecrt_memcpy_s@h 00000001800bc4dd     lzio.obj
 0007:000004de       __A751F051_corecrt_memory@h 00000001800bc4de     lzio.obj
 0007:000004df       __9200769A_corecrt_wstring@h 00000001800bc4df     lzio.obj
 0007:000004e0       __32E5F013_string@h        00000001800bc4e0     lzio.obj
 0007:000004e1       __25A01326_stdarg@h        00000001800bc4e1     lzio.obj
 0007:000004e2       __C9393812_stddef@h        00000001800bc4e2     lzio.obj
 0007:000004e3       __AF0983D6_limits@h        00000001800bc4e3     lzio.obj
 0007:000004e4       __B7E7D968_luaconf@h       00000001800bc4e4     lzio.obj
 0007:000004e5       __D20D6283_lua@h           00000001800bc4e5     lzio.obj
 0007:000004e6       __B66B3FCF_llimits@h       00000001800bc4e6     lzio.obj
 0007:000004e7       __2EEB0CBA_lmem@h          00000001800bc4e7     lzio.obj
 0007:000004e8       __2A97C8CC_lobject@h       00000001800bc4e8     lzio.obj
 0007:000004e9       __38E88ADB_ltm@h           00000001800bc4e9     lzio.obj
 0007:000004ea       __B5792CFE_lzio@h          00000001800bc4ea     lzio.obj
 0007:000004eb       __81E1BD92_signal@h        00000001800bc4eb     lzio.obj
 0007:000004ec       __C901638D_lstate@h        00000001800bc4ec     lzio.obj
 0007:000004ed       __22ABF576_lzio@c          00000001800bc4ed     lzio.obj
 0009:00000170       $R000000                   00000001800be170     * linker generated manifest res *

 Exports

  ordinal    name

        1    luaL_addgsub
        2    luaL_addlstring
        3    luaL_addstring
        4    luaL_addvalue
        5    luaL_argerror
        6    luaL_buffinit
        7    luaL_buffinitsize
        8    luaL_callmeta
        9    luaL_checkany
       10    luaL_checkinteger
       11    luaL_checklstring
       12    luaL_checknumber
       13    luaL_checkoption
       14    luaL_checkstack
       15    luaL_checktype
       16    luaL_checkudata
       17    luaL_checkversion_
       18    luaL_error
       19    luaL_execresult
       20    luaL_fileresult
       21    luaL_getmetafield
       22    luaL_getsubtable
       23    luaL_gsub
       24    luaL_len
       25    luaL_loadbufferx
       26    luaL_loadfilex
       27    luaL_loadstring
       28    luaL_newmetatable
       29    luaL_newstate
       30    luaL_openlibs
       31    luaL_optinteger
       32    luaL_optlstring
       33    luaL_optnumber
       34    luaL_prepbuffsize
       35    luaL_pushresult
       36    luaL_pushresultsize
       37    luaL_ref
       38    luaL_requiref
       39    luaL_setfuncs
       40    luaL_setmetatable
       41    luaL_testudata
       42    luaL_tolstring
       43    luaL_traceback
       44    luaL_typeerror
       45    luaL_unref
       46    luaL_where
       47    lua_absindex
       48    lua_arith
       49    lua_atpanic
       50    lua_callk
       51    lua_checkstack
       52    lua_close
       53    lua_closeslot
       54    lua_compare
       55    lua_concat
       56    lua_copy
       57    lua_createtable
       58    lua_dump
       59    lua_error
       60    lua_gc
       61    lua_getallocf
       62    lua_getfield
       63    lua_getglobal
       64    lua_gethook
       65    lua_gethookcount
       66    lua_gethookmask
       67    lua_geti
       68    lua_getinfo
       69    lua_getiuservalue
       70    lua_getlocal
       71    lua_getmetatable
       72    lua_getstack
       73    lua_gettable
       74    lua_gettop
       75    lua_getupvalue
       76    lua_iscfunction
       77    lua_isinteger
       78    lua_isnumber
       79    lua_isstring
       80    lua_isuserdata
       81    lua_isyieldable
       82    lua_len
       83    lua_load
       84    lua_newstate
       85    lua_newthread
       86    lua_newuserdatauv
       87    lua_next
       88    lua_pcallk
       89    lua_pushboolean
       90    lua_pushcclosure
       91    lua_pushfstring
       92    lua_pushinteger
       93    lua_pushlightuserdata
       94    lua_pushlstring
       95    lua_pushnil
       96    lua_pushnumber
       97    lua_pushstring
       98    lua_pushthread
       99    lua_pushvalue
      100    lua_pushvfstring
      101    lua_rawequal
      102    lua_rawget
      103    lua_rawgeti
      104    lua_rawgetp
      105    lua_rawlen
      106    lua_rawset
      107    lua_rawseti
      108    lua_rawsetp
      109    lua_resetthread
      110    lua_resume
      111    lua_rotate
      112    lua_setallocf
      113    lua_setcstacklimit
      114    lua_setfield
      115    lua_setglobal
      116    lua_sethook
      117    lua_seti
      118    lua_setiuservalue
      119    lua_setlocal
      120    lua_setmetatable
      121    lua_settable
      122    lua_settop
      123    lua_setupvalue
      124    lua_setwarnf
      125    lua_status
      126    lua_stringtonumber
      127    lua_toboolean
      128    lua_tocfunction
      129    lua_toclose
      130    lua_tointegerx
      131    lua_tolstring
      132    lua_tonumberx
      133    lua_topointer
      134    lua_tothread
      135    lua_touserdata
      136    lua_type
      137    lua_typename
      138    lua_upvalueid
      139    lua_upvaluejoin
      140    lua_version
      141    lua_warning
      142    lua_xmove
      143    lua_yieldk
      144    luaopen_base
      145    luaopen_coroutine
      146    luaopen_debug
      147    luaopen_io
      148    luaopen_math
      149    luaopen_os
      150    luaopen_package
      151    luaopen_string
      152    luaopen_table
      153    luaopen_utf8
